[14:03:15] [main/INFO] (FabricLoader/GameProvider) Loading Minecraft 1.16.1 with Fabric Loader 0.19.5
[14:03:15] [main/DEBUG] (FabricLoader/GamePatch) Found game constructor: net.minecraft.client.main.Main -> net.minecraft.client.MinecraftClient
[14:03:15] [main/DEBUG] (FabricLoader/GamePatch) Patching game constructor <init>(Lnet/minecraft/client/RunArgs;)V
[14:03:15] [main/DEBUG] (FabricLoader/GamePatch) Run directory field is thought to be net/minecraft/client/MinecraftClient/runDirectory
[14:03:15] [main/DEBUG] (FabricLoader/GamePatch) Applying brand name hook to net/minecraft/client/ClientBrandRetriever::getClientModName
[14:03:15] [main/DEBUG] (FabricLoader/GamePatch) Applying brand name hook to net/minecraft/server/MinecraftServer::getServerModName
[14:03:15] [main/DEBUG] (FabricLoader/GamePatch) Patched 4 classs
[14:03:15] [main/DEBUG] (FabricLoader/Discovery) Mod discovery time: 7.7 ms
[14:03:15] [main/DEBUG] (FabricLoader/Resolution) Mod resolution time: 15.4 ms
[14:03:15] [main/INFO] (FabricLoader) Loading 6 mods:
	- fabric-loom-native-support 1.0.1
	- fabricloader 0.19.5
	- java 21
	- minecraft 1.16.1
	- mixinextras 0.5.5
	- untitled 1.0-SNAPSHOT
[14:03:15] [main/DEBUG] (FabricLoader/Knot) Adding /Users/smain8413/IdeaProjects/untitled/build/resources/main to classpath.
[14:03:15] [main/DEBUG] (FabricLoader/Knot) Adding /Users/smain8413/IdeaProjects/untitled/.gradle/loom-cache/remapped_mods/remapped/net/fabricmc/fabric-loom-native-support-a485fe35/1.0.1/fabric-loom-native-support-a485fe35-1.0.1.jar to classpath.
[14:03:15] [main/DEBUG] (FabricLoader/Knot) Adding /Users/smain8413/.gradle/caches/modules-2/files-2.1/io.github.llamalad7/mixinextras-fabric/0.5.5/d1055b99c0ab08a8403fe2da3d79ca28e6340a76/mixinextras-fabric-0.5.5.jar to classpath.
[14:03:15] [main/DEBUG] (FabricLoader/Entrypoint) Registering new-style initializer com.github.smain8413.untitled.client.UntitledDataGenerator for mod untitled (key fabric-datagen)
[14:03:15] [main/DEBUG] (FabricLoader/Entrypoint) Registering new-style initializer com.github.smain8413.untitled.client.UntitledClient for mod untitled (key client)
[14:03:15] [main/DEBUG] (FabricLoader/Entrypoint) Registering new-style initializer com.github.smain8413.untitled.Untitled for mod untitled (key main)
[14:03:15] [main/INFO] (FabricLoader/Mixin) SpongePowered MIXIN Subsystem Version=0.8.7 Source=file:/Users/smain8413/.gradle/caches/modules-2/files-2.1/net.fabricmc/sponge-mixin/0.17.4+mixin.0.8.7/5f66cc9f59b8efaa942155a3d5a30599bf6640dd/sponge-mixin-0.17.4+mixin.0.8.7.jar Service=Knot/Fabric Env=CLIENT
[14:03:15] [main/DEBUG] (FabricLoader/Mixin) Initialising Mixin Platform Manager
[14:03:15] [main/DEBUG] (FabricLoader/Mixin) Adding mixin platform agents for container ContainerHandleURI(file:///Users/smain8413/.gradle/caches/modules-2/files-2.1/net.fabricmc/fabric-loader/0.19.5/ff9e65cffca4a67f31523e1807fe0855940fcbfa/fabric-loader-0.19.5.jar)
[14:03:15] [main/DEBUG] (FabricLoader/Mixin) Instancing new MixinPlatformAgentDefault for ContainerHandleURI(file:///Users/smain8413/.gradle/caches/modules-2/files-2.1/net.fabricmc/fabric-loader/0.19.5/ff9e65cffca4a67f31523e1807fe0855940fcbfa/fabric-loader-0.19.5.jar)
[14:03:15] [main/DEBUG] (FabricLoader/Mixin) MixinPlatformAgentDefault accepted container ContainerHandleURI(file:///Users/smain8413/.gradle/caches/modules-2/files-2.1/net.fabricmc/fabric-loader/0.19.5/ff9e65cffca4a67f31523e1807fe0855940fcbfa/fabric-loader-0.19.5.jar)
[14:03:15] [main/DEBUG] (FabricLoader/Mixin) Instancing new MixinPlatformAgentDefault for ContainerHandleURI(file:///Users/smain8413/.gradle/caches/modules-2/files-2.1/net.fabricmc/fabric-loader/0.19.5/ff9e65cffca4a67f31523e1807fe0855940fcbfa/fabric-loader-0.19.5.jar)
[14:03:15] [main/DEBUG] (FabricLoader/Mixin) MixinPlatformAgentDefault accepted container ContainerHandleURI(file:///Users/smain8413/.gradle/caches/modules-2/files-2.1/net.fabricmc/fabric-loader/0.19.5/ff9e65cffca4a67f31523e1807fe0855940fcbfa/fabric-loader-0.19.5.jar)
[14:03:15] [main/DEBUG] (FabricLoader/Mixin) Processing prepare() for PlatformAgent[MixinPlatformAgentDefault:ContainerHandleURI(file:///Users/smain8413/.gradle/caches/modules-2/files-2.1/net.fabricmc/fabric-loader/0.19.5/ff9e65cffca4a67f31523e1807fe0855940fcbfa/fabric-loader-0.19.5.jar)]
[14:03:15] [main/DEBUG] (FabricLoader/Mixin) Processing prepare() for PlatformAgent[MixinPlatformAgentDefault:ContainerHandleURI(file:///Users/smain8413/.gradle/caches/modules-2/files-2.1/net.fabricmc/fabric-loader/0.19.5/ff9e65cffca4a67f31523e1807fe0855940fcbfa/fabric-loader-0.19.5.jar)]
[14:03:15] [main/INFO] (FabricLoader/Mixin) Loaded Fabric development mappings for mixin remapper!
[14:03:15] [main/DEBUG] (FabricLoader/Mixin) Compatibility level JAVA_17 specified by untitled.mixins.json is higher than the maximum level supported by this version of mixin (JAVA_13).
[14:03:15] [main/DEBUG] (FabricLoader/Mixin) Compatibility level set to JAVA_17
[14:03:15] [main/DEBUG] (FabricLoader/Knot) Adding /Users/smain8413/IdeaProjects/untitled/build/classes/java/main to classpath.
[14:03:15] [main/DEBUG] (FabricLoader/Knot) Adding /Users/smain8413/IdeaProjects/untitled/build/resources/main to classpath.
[14:03:15] [main/DEBUG] (FabricLoader/Knot) Adding /Users/smain8413/.gradle/caches/fabric-loom/1.16.1/net.fabricmc.yarn.1_16_1.1.16.1+build.21-v2/mappings.jar to classpath.
[14:03:15] [main/DEBUG] (FabricLoader/Knot) Adding /Users/smain8413/.gradle/caches/modules-2/files-2.1/io.github.llamalad7/mixinextras-fabric/0.5.5/d1055b99c0ab08a8403fe2da3d79ca28e6340a76/mixinextras-fabric-0.5.5.jar to classpath.
[14:03:15] [main/DEBUG] (FabricLoader/Knot) Adding /Users/smain8413/.gradle/caches/modules-2/files-2.1/net.fabricmc/dev-launch-injector/0.2.1+build.8/da8bef7e6e2f952da707f282bdb46882a0fce5e3/dev-launch-injector-0.2.1+build.8.jar to classpath.
[14:03:15] [main/DEBUG] (FabricLoader/Knot) Adding /Users/smain8413/.gradle/caches/modules-2/files-2.1/oshi-project/oshi-core/1.1/9ddf7b048a8d701be231c0f4f95fd986198fd2d8/oshi-core-1.1.jar to classpath.
[14:03:15] [main/DEBUG] (FabricLoader/Knot) Adding /Users/smain8413/.gradle/caches/modules-2/files-2.1/net.java.dev.jna/jna/4.4.0/cb208278274bf12ebdb56c61bd7407e6f774d65a/jna-4.4.0.jar to classpath.
[14:03:15] [main/DEBUG] (FabricLoader/Knot) Adding /Users/smain8413/.gradle/caches/modules-2/files-2.1/net.java.dev.jna/platform/3.4.0/e3f70017be8100d3d6923f50b3d2ee17714e9c13/platform-3.4.0.jar to classpath.
[14:03:15] [main/DEBUG] (FabricLoader/Knot) Adding /Users/smain8413/.gradle/caches/modules-2/files-2.1/com.ibm.icu/icu4j/66.1/72c7519b6d91f7a1f993bd44a99fe95d67211b27/icu4j-66.1.jar to classpath.
[14:03:15] [main/DEBUG] (FabricLoader/Knot) Adding /Users/smain8413/.gradle/caches/modules-2/files-2.1/com.mojang/javabridge/1.0.22/6aa6453aa99a52a5cd91749da1af6ab70e082ab3/javabridge-1.0.22.jar to classpath.
[14:03:15] [main/DEBUG] (FabricLoader/Knot) Adding /Users/smain8413/.gradle/caches/modules-2/files-2.1/net.sf.jopt-simple/jopt-simple/5.0.3/cdd846cfc4e0f7eefafc02c0f5dce32b9303aa2a/jopt-simple-5.0.3.jar to classpath.
[14:03:15] [main/DEBUG] (FabricLoader/Knot) Adding /Users/smain8413/.gradle/caches/modules-2/files-2.1/io.netty/netty-all/4.1.25.Final/d0626cd3108294d1d58c05859add27b4ef21f83b/netty-all-4.1.25.Final.jar to classpath.
[14:03:15] [main/DEBUG] (FabricLoader/Knot) Adding /Users/smain8413/.gradle/caches/modules-2/files-2.1/com.google.guava/guava/21.0/3a3d111be1be1b745edfa7d91678a12d7ed38709/guava-21.0.jar to classpath.
[14:03:15] [main/DEBUG] (FabricLoader/Knot) Adding /Users/smain8413/.gradle/caches/modules-2/files-2.1/org.apache.commons/commons-lang3/3.5/6c6c702c89bfff3cd9e80b04d668c5e190d588c6/commons-lang3-3.5.jar to classpath.
[14:03:15] [main/DEBUG] (FabricLoader/Knot) Adding /Users/smain8413/.gradle/caches/modules-2/files-2.1/commons-io/commons-io/2.5/2852e6e05fbb95076fc091f6d1780f1f8fe35e0f/commons-io-2.5.jar to classpath.
[14:03:15] [main/DEBUG] (FabricLoader/Knot) Adding /Users/smain8413/.gradle/caches/modules-2/files-2.1/commons-codec/commons-codec/1.10/4b95f4897fa13f2cd904aee711aeafc0c5295cd8/commons-codec-1.10.jar to classpath.
[14:03:15] [main/DEBUG] (FabricLoader/Knot) Adding /Users/smain8413/.gradle/caches/modules-2/files-2.1/net.java.jinput/jinput/2.0.5/39c7796b469a600f72380316f6b1f11db6c2c7c4/jinput-2.0.5.jar to classpath.
[14:03:15] [main/DEBUG] (FabricLoader/Knot) Adding /Users/smain8413/.gradle/caches/modules-2/files-2.1/net.java.jutils/jutils/1.0.0/e12fe1fda814bd348c1579329c86943d2cd3c6a6/jutils-1.0.0.jar to classpath.
[14:03:15] [main/DEBUG] (FabricLoader/Knot) Adding /Users/smain8413/.gradle/caches/modules-2/files-2.1/com.mojang/brigadier/1.0.17/c6b7dc51dd44379cc751b7504816006e9be4b1e6/brigadier-1.0.17.jar to classpath.
[14:03:15] [main/DEBUG] (FabricLoader/Knot) Adding /Users/smain8413/.gradle/caches/modules-2/files-2.1/com.mojang/datafixerupper/3.0.25/b3e9ae66d5a69b4aa43d9dbe1e2b2d1401251343/datafixerupper-3.0.25.jar to classpath.
[14:03:15] [main/DEBUG] (FabricLoader/Knot) Adding /Users/smain8413/.gradle/caches/modules-2/files-2.1/org.apache.commons/commons-compress/1.8.1/a698750c16740fd5b3871425f4cb3bbaa87f529d/commons-compress-1.8.1.jar to classpath.
[14:03:15] [main/DEBUG] (FabricLoader/Knot) Adding /Users/smain8413/.gradle/caches/modules-2/files-2.1/org.apache.httpcomponents/httpclient/4.3.3/18f4247ff4572a074444572cee34647c43e7c9c7/httpclient-4.3.3.jar to classpath.
[14:03:15] [main/DEBUG] (FabricLoader/Knot) Adding /Users/smain8413/.gradle/caches/modules-2/files-2.1/commons-logging/commons-logging/1.1.3/f6f66e966c70a83ffbdb6f17a0919eaf7c8aca7f/commons-logging-1.1.3.jar to classpath.
[14:03:15] [main/DEBUG] (FabricLoader/Knot) Adding /Users/smain8413/.gradle/caches/modules-2/files-2.1/org.apache.httpcomponents/httpcore/4.3.2/31fbbff1ddbf98f3aa7377c94d33b0447c646b6e/httpcore-4.3.2.jar to classpath.
[14:03:15] [main/DEBUG] (FabricLoader/Knot) Adding /Users/smain8413/.gradle/caches/modules-2/files-2.1/it.unimi.dsi/fastutil/8.2.1/5ad88f325e424f8dbc2be5459e21ea5cab3864e9/fastutil-8.2.1.jar to classpath.
[14:03:15] [main/DEBUG] (FabricLoader/Knot) Adding /Users/smain8413/.gradle/caches/modules-2/files-2.1/org.lwjgl/lwjgl/3.3.2/4421d94af68e35dcaa31737a6fc59136a1e61b94/lwjgl-3.3.2.jar to classpath.
[14:03:15] [main/DEBUG] (FabricLoader/Knot) Adding /Users/smain8413/.gradle/caches/modules-2/files-2.1/org.lwjgl/lwjgl-jemalloc/3.3.2/877e17e39ebcd58a9c956dc3b5b777813de0873a/lwjgl-jemalloc-3.3.2.jar to classpath.
[14:03:15] [main/DEBUG] (FabricLoader/Knot) Adding /Users/smain8413/.gradle/caches/modules-2/files-2.1/org.lwjgl/lwjgl-openal/3.3.2/ae5357ed6d934546d3533993ea84c0cfb75eed95/lwjgl-openal-3.3.2.jar to classpath.
[14:03:15] [main/DEBUG] (FabricLoader/Knot) Adding /Users/smain8413/.gradle/caches/modules-2/files-2.1/org.lwjgl/lwjgl-opengl/3.3.2/ee8e95be0b438602038bc1f02dc5e3d011b1b216/lwjgl-opengl-3.3.2.jar to classpath.
[14:03:15] [main/DEBUG] (FabricLoader/Knot) Adding /Users/smain8413/.gradle/caches/modules-2/files-2.1/org.lwjgl/lwjgl-glfw/3.3.2/757920418805fb90bfebb3d46b1d9e7669fca2eb/lwjgl-glfw-3.3.2.jar to classpath.
[14:03:15] [main/DEBUG] (FabricLoader/Knot) Adding /Users/smain8413/.gradle/caches/modules-2/files-2.1/org.lwjgl/lwjgl-stb/3.3.2/a2550795014d622b686e9caac50b14baa87d2c70/lwjgl-stb-3.3.2.jar to classpath.
[14:03:15] [main/DEBUG] (FabricLoader/Knot) Adding /Users/smain8413/.gradle/caches/modules-2/files-2.1/org.lwjgl/lwjgl-tinyfd/3.3.2/9f65c248dd77934105274fcf8351abb75b34327c/lwjgl-tinyfd-3.3.2.jar to classpath.
[14:03:15] [main/DEBUG] (FabricLoader/Knot) Adding /Users/smain8413/.gradle/caches/modules-2/files-2.1/com.mojang/text2speech/1.11.3/f378f889797edd7df8d32272c06ca80a1b6b0f58/text2speech-1.11.3.jar to classpath.
[14:03:15] [main/DEBUG] (FabricLoader/Knot) Adding /Users/smain8413/.gradle/caches/modules-2/files-2.1/ca.weblite/java-objc-bridge/1.1/1227f9e0666314f9de41477e3ec277e542ed7f7b/java-objc-bridge-1.1.jar to classpath.
[14:03:15] [main/DEBUG] (FabricLoader/Knot) Adding /Users/smain8413/IdeaProjects/untitled/.gradle/loom-cache/remapped_mods/remapped/net/fabricmc/fabric-loom-native-support-a485fe35/1.0.1/fabric-loom-native-support-a485fe35-1.0.1.jar to classpath.
[14:03:15] [main/DEBUG] (FabricLoader/Entrypoint) No subscribers for entrypoint 'preLaunch'
[14:03:15] [main/DEBUG] (FabricLoader/Mixin) Preparing mixins for MixinEnvironment[DEFAULT]
[14:03:15] [main/DEBUG] (FabricLoader/Mixin) Selecting config untitled.mixins.json
[14:03:15] [main/DEBUG] (FabricLoader/Mixin) Selecting config fabric-loom-native-support.mixins.json
[14:03:15] [main/DEBUG] (FabricLoader/Mixin) Remapping refMap fabric-loom-native-support-refmap.json using remapper chain
[14:03:15] [main/DEBUG] (FabricLoader/Mixin) Selecting config mixinextras.init.mixins.json
[14:03:15] [main/DEBUG] (FabricLoader/MixinExtras|Service) com.llamalad7.mixinextras.service.MixinExtrasServiceImpl(version=0.5.5) is taking over from null
[14:03:15] [main/DEBUG] (FabricLoader/Mixin) Registering new injector for @Inject with org.spongepowered.asm.mixin.injection.struct.CallbackInjectionInfo
[14:03:15] [main/DEBUG] (FabricLoader/Mixin) Registering new injector for @ModifyArg with org.spongepowered.asm.mixin.injection.struct.ModifyArgInjectionInfo
[14:03:15] [main/DEBUG] (FabricLoader/Mixin) Registering new injector for @ModifyArgs with org.spongepowered.asm.mixin.injection.struct.ModifyArgsInjectionInfo
[14:03:15] [main/DEBUG] (FabricLoader/Mixin) Registering new injector for @Redirect with org.spongepowered.asm.mixin.injection.struct.RedirectInjectionInfo
[14:03:15] [main/DEBUG] (FabricLoader/Mixin) Registering new injector for @ModifyVariable with org.spongepowered.asm.mixin.injection.struct.ModifyVariableInjectionInfo
[14:03:15] [main/DEBUG] (FabricLoader/Mixin) Registering new injector for @ModifyConstant with org.spongepowered.asm.mixin.injection.struct.ModifyConstantInjectionInfo
[14:03:15] [main/DEBUG] (FabricLoader/Mixin) Preparing untitled.mixins.json (1)
[14:03:15] [main/DEBUG] (FabricLoader/Mixin) Preparing fabric-loom-native-support.mixins.json (2)
[14:03:15] [main/WARN] (FabricLoader/Mixin) Error loading class: net/minecraft/class_6417 (java.lang.ClassNotFoundException: net/minecraft/class_6417)
[14:03:15] [main/WARN] (FabricLoader/Mixin) @Mixin target net.minecraft.class_6417 was not found fabric-loom-native-support.mixins.json:MacWindowUtilMixin from mod fabric-loom-native-support
[14:03:15] [main/DEBUG] (FabricLoader/Mixin) Preparing mixinextras.init.mixins.json (0)
[14:03:16] [main/INFO] (com.mojang.authlib.yggdrasil.YggdrasilAuthenticationService) Environment: authHost='https://authserver.mojang.com', accountsHost='https://api.mojang.com', sessionHost='https://sessionserver.mojang.com', name='PROD'
[14:03:16] [main/INFO] (net.minecraft.client.MinecraftClient) Setting user: Player663
[14:03:16] [main/DEBUG] (FabricLoader/Entrypoint) Iterating over entrypoint 'main'
[14:03:16] [main/DEBUG] (FabricLoader/Entrypoint) Iterating over entrypoint 'client'
[14:03:16] [main/INFO] (net.minecraft.util.logging.LoggerPrintStream) [STDOUT]: I did everything right and they
[14:03:16] [main/INFO] (net.minecraft.client.MinecraftClient) Backend library: LWJGL version 3.3.2-snapshot
[14:03:16] [main/INFO] (FabricLoader/MixinExtras|Service) Initializing MixinExtras via com.llamalad7.mixinextras.service.MixinExtrasServiceImpl(version=0.5.5).
[14:03:16] [main/DEBUG] (FabricLoader/Mixin) Registering new injector for @SugarWrapper with com.llamalad7.mixinextras.sugar.impl.SugarWrapperInjectionInfo
[14:03:16] [main/DEBUG] (FabricLoader/Mixin) Registering new injector for @FactoryRedirectWrapper with com.llamalad7.mixinextras.wrapper.factory.FactoryRedirectWrapperInjectionInfo
[14:03:16] [main/DEBUG] (FabricLoader/Mixin) Registering new injector for @ExpressionInjectorWrapper with com.llamalad7.mixinextras.expression.impl.wrapper.ExpressionInjectorWrapperInjectionInfo
[14:03:16] [main/DEBUG] (FabricLoader/Mixin) Mixing WindowMixin from fabric-loom-native-support.mixins.json into net.minecraft.client.util.Window
[14:03:16] [main/DEBUG] (FabricLoader/Mixin) fabric-loom-native-support.mixins.json:WindowMixin from mod fabric-loom-native-support->@Inject::setIcon(Lorg/spongepowered/asm/mixin/injection/callback/CallbackInfo;)V does use it's CallbackInfo
[14:03:16] [main/INFO] (net.minecraft.util.logging.LoggerPrintStream) [STDERR]: [LWJGL] [ThreadLocalUtil] Unsupported JNI version detected, this may result in a crash. Please inform LWJGL developers.
[14:03:17] [main/ERROR] (com.mojang.text2speech.Narrator) Error while loading the narrator : java.lang.UnsatisfiedLinkError: /private/var/folders/pz/jnh8j3494_78wh33lyml30_w0000gv/T/jna--1708155702/jna16385443818314828436.tmp: dlopen(/private/var/folders/pz/jnh8j3494_78wh33lyml30_w0000gv/T/jna--1708155702/jna16385443818314828436.tmp, 0x0001): tried: '/private/var/folders/pz/jnh8j3494_78wh33lyml30_w0000gv/T/jna--1708155702/jna16385443818314828436.tmp' (fat file, but missing compatible architecture (have 'i386,x86_64', need 'arm64e' or 'arm64e.v1' or 'arm64' or 'arm64')), '/System/Volumes/Preboot/Cryptexes/OS/private/var/folders/pz/jnh8j3494_78wh33lyml30_w0000gv/T/jna--1708155702/jna16385443818314828436.tmp' (no such file), '/private/var/folders/pz/jnh8j3494_78wh33lyml30_w0000gv/T/jna--1708155702/jna16385443818314828436.tmp' (fat file, but missing compatible architecture (have 'i386,x86_64', need 'arm64e' or 'arm64e.v1' or 'arm64' or 'arm64'))
[14:03:17] [main/INFO] (net.minecraft.resource.ReloadableResourceManagerImpl) Reloading ResourceManager: Default
[14:03:17] [Realms Notification Availability checker #1/INFO] (com.mojang.realmsclient.client.RealmsClient) Could not authorize you against Realms server: java.lang.RuntimeException: Failed to parse into SignedJWT: FabricMC
[14:03:18] [main/INFO] (net.minecraft.client.sound.SoundEngine) OpenAL initialized.
[14:03:18] [main/INFO] (net.minecraft.client.sound.SoundSystem) Sound engine started
[14:03:18] [main/INFO] (net.minecraft.client.texture.SpriteAtlasTexture) Created: 1024x1024x4 minecraft:textures/atlas/blocks.png-atlas
[14:03:18] [main/INFO] (net.minecraft.client.texture.SpriteAtlasTexture) Created: 256x128x4 minecraft:textures/atlas/signs.png-atlas
[14:03:18] [main/INFO] (net.minecraft.client.texture.SpriteAtlasTexture) Created: 1024x512x4 minecraft:textures/atlas/banner_patterns.png-atlas
[14:03:18] [main/INFO] (net.minecraft.client.texture.SpriteAtlasTexture) Created: 1024x512x4 minecraft:textures/atlas/shield_patterns.png-atlas
[14:03:18] [main/INFO] (net.minecraft.client.texture.SpriteAtlasTexture) Created: 256x256x4 minecraft:textures/atlas/chest.png-atlas
[14:03:18] [main/INFO] (net.minecraft.client.texture.SpriteAtlasTexture) Created: 512x256x4 minecraft:textures/atlas/beds.png-atlas
[14:03:18] [main/INFO] (net.minecraft.client.texture.SpriteAtlasTexture) Created: 512x256x4 minecraft:textures/atlas/shulker_boxes.png-atlas
[14:03:18] [main/INFO] (net.minecraft.client.texture.SpriteAtlasTexture) Created: 256x256x0 minecraft:textures/atlas/particles.png-atlas
[14:03:18] [main/INFO] (net.minecraft.client.texture.SpriteAtlasTexture) Created: 256x256x0 minecraft:textures/atlas/paintings.png-atlas
[14:03:18] [main/INFO] (net.minecraft.client.texture.SpriteAtlasTexture) Created: 256x128x0 minecraft:textures/atlas/mob_effects.png-atlas
[14:03:30] [main/WARN] (net.minecraft.server.command.CommandManager) Ambiguity between arguments [teleport, destination] and [teleport, targets] with inputs: [Player, 0123, @e, dd12be42-52a9-4a91-a8a1-11c01849e498]
[14:03:30] [main/WARN] (net.minecraft.server.command.CommandManager) Ambiguity between arguments [teleport, location] and [teleport, destination] with inputs: [0.1 -0.5 .9, 0 0 0]
[14:03:30] [main/WARN] (net.minecraft.server.command.CommandManager) Ambiguity between arguments [teleport, location] and [teleport, targets] with inputs: [0.1 -0.5 .9, 0 0 0]
[14:03:30] [main/WARN] (net.minecraft.server.command.CommandManager) Ambiguity between arguments [teleport, targets] and [teleport, destination] with inputs: [Player, 0123, dd12be42-52a9-4a91-a8a1-11c01849e498]
[14:03:30] [main/WARN] (net.minecraft.server.command.CommandManager) Ambiguity between arguments [teleport, targets, location] and [teleport, targets, destination] with inputs: [0.1 -0.5 .9, 0 0 0]
[14:03:30] [main/INFO] (net.minecraft.resource.ReloadableResourceManagerImpl) Reloading ResourceManager: Default
[14:03:30] [main/INFO] (net.minecraft.recipe.RecipeManager) Loaded 7 recipes
[14:03:31] [main/INFO] (net.minecraft.advancement.AdvancementManager) Loaded 927 advancements
[14:03:31] [main/INFO] (com.mojang.authlib.yggdrasil.YggdrasilAuthenticationService) Environment: authHost='https://authserver.mojang.com', accountsHost='https://api.mojang.com', sessionHost='https://sessionserver.mojang.com', name='PROD'
[14:03:31] [Server thread/INFO] (net.minecraft.server.integrated.IntegratedServer) Starting integrated minecraft server version 1.16.1
[14:03:31] [Server thread/INFO] (net.minecraft.server.integrated.IntegratedServer) Generating keypair
[14:03:31] [Server thread/INFO] (net.minecraft.server.MinecraftServer) Preparing start region for dimension minecraft:overworld
[14:03:31] [main/INFO] (net.minecraft.server.WorldGenerationProgressLogger) Preparing spawn area: 0%
[14:03:32] [main/INFO] (net.minecraft.server.WorldGenerationProgressLogger) Preparing spawn area: 83%
[14:03:32] [main/INFO] (net.minecraft.server.WorldGenerationProgressLogger) Preparing spawn area: 83%
[14:03:32] [main/INFO] (net.minecraft.server.WorldGenerationProgressLogger) Preparing spawn area: 83%
[14:03:33] [main/INFO] (net.minecraft.server.WorldGenerationProgressLogger) Preparing spawn area: 84%
[14:03:33] [main/INFO] (net.minecraft.server.WorldGenerationProgressLogger) Preparing spawn area: 96%
[14:03:33] [main/INFO] (net.minecraft.server.WorldGenerationProgressLogger) Time elapsed: 2606 ms
[14:03:34] [Server thread/INFO] (net.minecraft.server.integrated.IntegratedServer) Changing view distance to 11, from 10
[14:03:34] [Netty Local Client IO #0/DEBUG] (FabricLoader/Mixin) Mixing GameJoinMixin from untitled.mixins.json into net.minecraft.client.network.ClientPlayNetworkHandler
[14:03:34] [Netty Local Client IO #0/DEBUG] (FabricLoader/Mixin) untitled.mixins.json:GameJoinMixin from mod untitled->@Inject::injected(Lnet/minecraft/network/packet/s2c/play/GameJoinS2CPacket;Lorg/spongepowered/asm/mixin/injection/callback/CallbackInfo;)V doesn't use it's CallbackInfo
[14:03:34] [Netty Local Client IO #0/DEBUG] (FabricLoader/Mixin) untitled.mixins.json:GameJoinMixin from mod untitled->@Inject::injected(Lnet/minecraft/network/packet/s2c/play/GameJoinS2CPacket;Lorg/spongepowered/asm/mixin/injection/callback/CallbackInfo;)V has 0 override(s) in child classes
[14:03:34] [Netty Local Client IO #0/DEBUG] (FabricLoader/Mixin) untitled.mixins.json:GameJoinMixin from mod untitled->@Inject::injected(Lnet/minecraft/network/packet/s2c/play/GameJoinS2CPacket;Lorg/spongepowered/asm/mixin/injection/callback/CallbackInfo;)V won't be passed a CallbackInfo as a result
[14:03:34] [Server thread/INFO] (net.minecraft.server.PlayerManager) Player663[local:E:b0280f4b] logged in with entity id 143 at (199.5, 77.0, -107.5)
[14:03:34] [Netty Local Client IO #0/INFO] (net.minecraft.util.logging.LoggerPrintStream) [STDOUT]: hame goined
