[13:15:47] [main/INFO] (FabricLoader/GameProvider) Loading Minecraft 1.16.1 with Fabric Loader 0.19.5
[13:15:47] [main/INFO] (FabricLoader) Loading 6 mods:
	- fabric-loom-native-support 1.0.1
	- fabricloader 0.19.5
	- java 21
	- minecraft 1.16.1
	- mixinextras 0.5.5
	- untitled 1.0-SNAPSHOT
[13:15:47] [main/INFO] (FabricLoader/Mixin) SpongePowered MIXIN Subsystem Version=0.8.7 Source=file:/Users/smain8413/.gradle/caches/modules-2/files-2.1/net.fabricmc/sponge-mixin/0.17.4+mixin.0.8.7/5f66cc9f59b8efaa942155a3d5a30599bf6640dd/sponge-mixin-0.17.4+mixin.0.8.7.jar Service=Knot/Fabric Env=CLIENT
[13:15:47] [main/INFO] (FabricLoader/Mixin) Loaded Fabric development mappings for mixin remapper!
[13:15:47] [main/WARN] (FabricLoader/Mixin) Error loading class: net/minecraft/class_6417 (java.lang.ClassNotFoundException: net/minecraft/class_6417)
[13:15:47] [main/WARN] (FabricLoader/Mixin) @Mixin target net.minecraft.class_6417 was not found fabric-loom-native-support.mixins.json:MacWindowUtilMixin from mod fabric-loom-native-support
[13:15:48] [main/INFO] (Minecraft) Environment: authHost='https://authserver.mojang.com', accountsHost='https://api.mojang.com', sessionHost='https://sessionserver.mojang.com', name='PROD'
[13:15:48] [main/INFO] (Minecraft) Setting user: Player371
[13:15:48] [main/INFO] (Minecraft) [STDOUT]: what
[13:15:48] [main/INFO] (Minecraft) [STDOUT]: I did everything right and they
[13:15:48] [main/INFO] (Minecraft) Backend library: LWJGL version 3.3.2-snapshot
[13:15:48] [main/INFO] (FabricLoader/MixinExtras|Service) Initializing MixinExtras via com.llamalad7.mixinextras.service.MixinExtrasServiceImpl(version=0.5.5).
[13:15:48] [main/INFO] (Minecraft) [STDERR]: [LWJGL] [ThreadLocalUtil] Unsupported JNI version detected, this may result in a crash. Please inform LWJGL developers.
[13:15:48] [main/ERROR] (Minecraft) Error while loading the narrator : java.lang.UnsatisfiedLinkError: /private/var/folders/pz/jnh8j3494_78wh33lyml30_w0000gv/T/jna--1708155702/jna12349497153300720944.tmp: dlopen(/private/var/folders/pz/jnh8j3494_78wh33lyml30_w0000gv/T/jna--1708155702/jna12349497153300720944.tmp, 0x0001): tried: '/private/var/folders/pz/jnh8j3494_78wh33lyml30_w0000gv/T/jna--1708155702/jna12349497153300720944.tmp' (fat file, but missing compatible architecture (have 'i386,x86_64', need 'arm64e' or 'arm64e.v1' or 'arm64' or 'arm64')), '/System/Volumes/Preboot/Cryptexes/OS/private/var/folders/pz/jnh8j3494_78wh33lyml30_w0000gv/T/jna--1708155702/jna12349497153300720944.tmp' (no such file), '/private/var/folders/pz/jnh8j3494_78wh33lyml30_w0000gv/T/jna--1708155702/jna12349497153300720944.tmp' (fat file, but missing compatible architecture (have 'i386,x86_64', need 'arm64e' or 'arm64e.v1' or 'arm64' or 'arm64'))
[13:15:48] [main/INFO] (Minecraft) Reloading ResourceManager: Default
[13:15:49] [Realms Notification Availability checker #1/INFO] (Minecraft) Could not authorize you against Realms server: java.lang.RuntimeException: Failed to parse into SignedJWT: FabricMC
[13:15:50] [main/INFO] (Minecraft) OpenAL initialized.
[13:15:50] [main/INFO] (Minecraft) Sound engine started
[13:15:50] [main/INFO] (Minecraft) Created: 1024x1024x4 minecraft:textures/atlas/blocks.png-atlas
[13:15:50] [main/INFO] (Minecraft) Created: 256x128x4 minecraft:textures/atlas/signs.png-atlas
[13:15:50] [main/INFO] (Minecraft) Created: 1024x512x4 minecraft:textures/atlas/banner_patterns.png-atlas
[13:15:50] [main/INFO] (Minecraft) Created: 1024x512x4 minecraft:textures/atlas/shield_patterns.png-atlas
[13:15:50] [main/INFO] (Minecraft) Created: 256x256x4 minecraft:textures/atlas/chest.png-atlas
[13:15:50] [main/INFO] (Minecraft) Created: 512x256x4 minecraft:textures/atlas/beds.png-atlas
[13:15:50] [main/INFO] (Minecraft) Created: 512x256x4 minecraft:textures/atlas/shulker_boxes.png-atlas
[13:15:50] [main/INFO] (Minecraft) Created: 256x256x0 minecraft:textures/atlas/particles.png-atlas
[13:15:50] [main/INFO] (Minecraft) Created: 256x256x0 minecraft:textures/atlas/paintings.png-atlas
[13:15:50] [main/INFO] (Minecraft) Created: 256x128x0 minecraft:textures/atlas/mob_effects.png-atlas
[13:15:54] [main/WARN] (Minecraft) Ambiguity between arguments [teleport, destination] and [teleport, targets] with inputs: [Player, 0123, @e, dd12be42-52a9-4a91-a8a1-11c01849e498]
[13:15:54] [main/WARN] (Minecraft) Ambiguity between arguments [teleport, location] and [teleport, destination] with inputs: [0.1 -0.5 .9, 0 0 0]
[13:15:54] [main/WARN] (Minecraft) Ambiguity between arguments [teleport, location] and [teleport, targets] with inputs: [0.1 -0.5 .9, 0 0 0]
[13:15:54] [main/WARN] (Minecraft) Ambiguity between arguments [teleport, targets] and [teleport, destination] with inputs: [Player, 0123, dd12be42-52a9-4a91-a8a1-11c01849e498]
[13:15:54] [main/WARN] (Minecraft) Ambiguity between arguments [teleport, targets, location] and [teleport, targets, destination] with inputs: [0.1 -0.5 .9, 0 0 0]
[13:15:54] [main/INFO] (Minecraft) Reloading ResourceManager: Default
[13:15:54] [main/INFO] (Minecraft) Loaded 7 recipes
[13:15:54] [main/INFO] (Minecraft) Loaded 927 advancements
[13:15:56] [main/WARN] (Minecraft) Ambiguity between arguments [teleport, destination] and [teleport, targets] with inputs: [Player, 0123, @e, dd12be42-52a9-4a91-a8a1-11c01849e498]
[13:15:56] [main/WARN] (Minecraft) Ambiguity between arguments [teleport, location] and [teleport, destination] with inputs: [0.1 -0.5 .9, 0 0 0]
[13:15:56] [main/WARN] (Minecraft) Ambiguity between arguments [teleport, location] and [teleport, targets] with inputs: [0.1 -0.5 .9, 0 0 0]
[13:15:56] [main/WARN] (Minecraft) Ambiguity between arguments [teleport, targets] and [teleport, destination] with inputs: [Player, 0123, dd12be42-52a9-4a91-a8a1-11c01849e498]
[13:15:56] [main/WARN] (Minecraft) Ambiguity between arguments [teleport, targets, location] and [teleport, targets, destination] with inputs: [0.1 -0.5 .9, 0 0 0]
[13:15:56] [main/INFO] (Minecraft) Reloading ResourceManager: Default
[13:15:56] [main/INFO] (Minecraft) Loaded 7 recipes
[13:15:56] [main/INFO] (Minecraft) Loaded 927 advancements
[13:15:56] [main/INFO] (Minecraft) Environment: authHost='https://authserver.mojang.com', accountsHost='https://api.mojang.com', sessionHost='https://sessionserver.mojang.com', name='PROD'
[13:15:56] [Server thread/INFO] (Minecraft) Starting integrated minecraft server version 1.16.1
[13:15:56] [Server thread/INFO] (Minecraft) Generating keypair
[13:15:56] [Server thread/INFO] (Minecraft) Preparing start region for dimension minecraft:overworld
[13:15:57] [main/INFO] (Minecraft) Preparing spawn area: 0%
[13:15:57] [main/INFO] (Minecraft) Preparing spawn area: 0%
[13:15:57] [main/INFO] (Minecraft) Preparing spawn area: 0%
[13:15:58] [main/INFO] (Minecraft) Preparing spawn area: 1%
[13:15:58] [main/INFO] (Minecraft) Preparing spawn area: 11%
[13:15:59] [main/INFO] (Minecraft) Preparing spawn area: 27%
[13:15:59] [main/INFO] (Minecraft) Preparing spawn area: 40%
[13:16:00] [main/INFO] (Minecraft) Preparing spawn area: 54%
[13:16:00] [main/INFO] (Minecraft) Preparing spawn area: 65%
[13:16:01] [main/INFO] (Minecraft) Preparing spawn area: 77%
[13:16:01] [main/INFO] (Minecraft) Preparing spawn area: 91%
[13:16:01] [main/INFO] (Minecraft) Time elapsed: 5278 ms
[13:16:01] [Server thread/INFO] (Minecraft) Changing view distance to 31, from 10
[13:16:02] [Server thread/INFO] (Minecraft) Player371[local:E:614cdd4f] logged in with entity id 348 at (174.36188870594708, 64.0, -11.81240137643752)
[13:16:02] [Server thread/INFO] (Minecraft) Player371 joined the game
[13:16:02] [main/INFO] (Minecraft) [STDOUT]: game joined
[13:16:02] [Server thread/INFO] (Minecraft) Saving and pausing game...
[13:16:02] [Server thread/INFO] (Minecraft) Saving chunks for level 'ServerLevel[New World]'/minecraft:overworld
[13:16:02] [main/INFO] (Minecraft) Loaded 0 advancements
[13:16:02] [Server thread/INFO] (Minecraft) Saving chunks for level 'ServerLevel[New World]'/minecraft:the_nether
[13:16:02] [Server thread/INFO] (Minecraft) Saving chunks for level 'ServerLevel[New World]'/minecraft:the_end
[13:16:02] [Server thread/INFO] (Minecraft) [STDOUT]: world saved
[13:16:02] [Server thread/INFO] (Minecraft) Player371 has made the advancement [The End?]
[13:16:02] [Server thread/INFO] (Minecraft) Player371 fell out of the world
[13:16:02] [main/INFO] (Minecraft) [CHAT] Player371 has made the advancement [The End?]
[13:16:02] [main/INFO] (Minecraft) [CHAT] Player371 fell out of the world
[13:16:02] [main/INFO] (Minecraft) Loaded 15 advancements
[13:16:03] [Server thread/INFO] (Minecraft) Saving and pausing game...
[13:16:03] [Server thread/INFO] (Minecraft) Saving chunks for level 'ServerLevel[New World]'/minecraft:overworld
[13:16:03] [Server thread/INFO] (Minecraft) Saving chunks for level 'ServerLevel[New World]'/minecraft:the_nether
[13:16:03] [Server thread/INFO] (Minecraft) Saving chunks for level 'ServerLevel[New World]'/minecraft:the_end
[13:16:03] [Server thread/INFO] (Minecraft) [STDOUT]: world saved
[13:16:03] [Server thread/INFO] (Minecraft) Attempt 1...
[13:16:03] [main/WARN] (Minecraft) Received passengers for unknown entity
[13:16:08] [main/INFO] (Minecraft) [CHAT] Seed: [-2581976088926982623]
[13:16:10] [Server thread/INFO] (Minecraft) Saving and pausing game...
[13:16:10] [Server thread/WARN] (Minecraft) Failed to save player data for Player371
[13:16:10] [Server thread/INFO] (Minecraft) Saving chunks for level 'ServerLevel[New World]'/minecraft:overworld
[13:16:10] [Server thread/INFO] (Minecraft) Saving chunks for level 'ServerLevel[New World]'/minecraft:the_nether
[13:16:10] [Server thread/INFO] (Minecraft) Saving chunks for level 'ServerLevel[New World]'/minecraft:the_end
[13:16:10] [Server thread/INFO] (Minecraft) Player371 lost connection: Disconnected
[13:16:10] [Server thread/INFO] (Minecraft) Player371 left the game
[13:16:10] [Server thread/WARN] (Minecraft) Failed to save player data for Player371
[13:16:10] [Server thread/INFO] (Minecraft) Stopping singleplayer server as player logged out
[13:16:10] [Server thread/INFO] (Minecraft) Stopping server
[13:16:10] [Server thread/INFO] (Minecraft) Saving players
[13:16:10] [Server thread/INFO] (Minecraft) Saving worlds
[13:16:10] [Server thread/INFO] (Minecraft) Saving chunks for level 'ServerLevel[New World]'/minecraft:overworld
[13:16:11] [Server thread/INFO] (Minecraft) ThreadedAnvilChunkStorage (New World (1)): All chunks are saved
[13:16:11] [Server thread/INFO] (Minecraft) Saving chunks for level 'ServerLevel[New World]'/minecraft:the_nether
[13:16:11] [Server thread/INFO] (Minecraft) ThreadedAnvilChunkStorage (DIM-1): All chunks are saved
[13:16:11] [Server thread/INFO] (Minecraft) Saving chunks for level 'ServerLevel[New World]'/minecraft:the_end
[13:16:11] [Server thread/INFO] (Minecraft) ThreadedAnvilChunkStorage (DIM1): All chunks are saved
[13:16:11] [Server thread/INFO] (Minecraft) ThreadedAnvilChunkStorage (New World (1)): All chunks are saved
[13:16:11] [Server thread/INFO] (Minecraft) ThreadedAnvilChunkStorage (DIM-1): All chunks are saved
[13:16:11] [Server thread/INFO] (Minecraft) ThreadedAnvilChunkStorage (DIM1): All chunks are saved
[13:16:12] [main/WARN] (Minecraft) Ambiguity between arguments [teleport, destination] and [teleport, targets] with inputs: [Player, 0123, @e, dd12be42-52a9-4a91-a8a1-11c01849e498]
[13:16:12] [main/WARN] (Minecraft) Ambiguity between arguments [teleport, location] and [teleport, destination] with inputs: [0.1 -0.5 .9, 0 0 0]
[13:16:12] [main/WARN] (Minecraft) Ambiguity between arguments [teleport, location] and [teleport, targets] with inputs: [0.1 -0.5 .9, 0 0 0]
[13:16:12] [main/WARN] (Minecraft) Ambiguity between arguments [teleport, targets] and [teleport, destination] with inputs: [Player, 0123, dd12be42-52a9-4a91-a8a1-11c01849e498]
[13:16:12] [main/WARN] (Minecraft) Ambiguity between arguments [teleport, targets, location] and [teleport, targets, destination] with inputs: [0.1 -0.5 .9, 0 0 0]
[13:16:12] [main/INFO] (Minecraft) Reloading ResourceManager: Default
[13:16:13] [main/INFO] (Minecraft) Loaded 7 recipes
[13:16:13] [main/INFO] (Minecraft) Loaded 927 advancements
[13:16:14] [main/WARN] (Minecraft) Ambiguity between arguments [teleport, destination] and [teleport, targets] with inputs: [Player, 0123, @e, dd12be42-52a9-4a91-a8a1-11c01849e498]
[13:16:14] [main/WARN] (Minecraft) Ambiguity between arguments [teleport, location] and [teleport, destination] with inputs: [0.1 -0.5 .9, 0 0 0]
[13:16:14] [main/WARN] (Minecraft) Ambiguity between arguments [teleport, location] and [teleport, targets] with inputs: [0.1 -0.5 .9, 0 0 0]
[13:16:14] [main/WARN] (Minecraft) Ambiguity between arguments [teleport, targets] and [teleport, destination] with inputs: [Player, 0123, dd12be42-52a9-4a91-a8a1-11c01849e498]
[13:16:14] [main/WARN] (Minecraft) Ambiguity between arguments [teleport, targets, location] and [teleport, targets, destination] with inputs: [0.1 -0.5 .9, 0 0 0]
[13:16:14] [main/INFO] (Minecraft) Reloading ResourceManager: Default
[13:16:14] [main/INFO] (Minecraft) Loaded 7 recipes
[13:16:14] [main/INFO] (Minecraft) Loaded 927 advancements
[13:16:14] [main/INFO] (Minecraft) Environment: authHost='https://authserver.mojang.com', accountsHost='https://api.mojang.com', sessionHost='https://sessionserver.mojang.com', name='PROD'
[13:16:14] [Server thread/INFO] (Minecraft) Starting integrated minecraft server version 1.16.1
[13:16:14] [Server thread/INFO] (Minecraft) Generating keypair
[13:16:14] [Server thread/INFO] (Minecraft) Preparing start region for dimension minecraft:overworld
[13:16:15] [main/INFO] (Minecraft) Preparing spawn area: 0%
[13:16:15] [main/INFO] (Minecraft) Preparing spawn area: 0%
[13:16:15] [main/INFO] (Minecraft) Preparing spawn area: 0%
[13:16:15] [main/INFO] (Minecraft) Preparing spawn area: 6%
[13:16:16] [main/INFO] (Minecraft) Preparing spawn area: 23%
[13:16:16] [main/INFO] (Minecraft) Preparing spawn area: 38%
[13:16:17] [main/INFO] (Minecraft) Preparing spawn area: 48%
[13:16:17] [main/INFO] (Minecraft) Preparing spawn area: 60%
[13:16:18] [main/INFO] (Minecraft) Preparing spawn area: 74%
[13:16:18] [main/INFO] (Minecraft) Preparing spawn area: 88%
[13:16:19] [main/INFO] (Minecraft) Time elapsed: 4941 ms
[13:16:19] [Server thread/INFO] (Minecraft) Changing view distance to 31, from 10
[13:16:19] [Server thread/INFO] (Minecraft) Player371[local:E:82b28681] logged in with entity id 1618 at (147.30000001192093, 67.79673560066871, 1.7343779173536111)
[13:16:19] [Server thread/INFO] (Minecraft) Player371 joined the game
[13:16:19] [main/INFO] (Minecraft) [STDOUT]: game joined
[13:16:19] [Server thread/INFO] (Minecraft) Saving and pausing game...
[13:16:19] [Server thread/INFO] (Minecraft) Saving chunks for level 'ServerLevel[New World]'/minecraft:overworld
[13:16:19] [main/INFO] (Minecraft) Loaded 15 advancements
[13:16:19] [Server thread/INFO] (Minecraft) Saving chunks for level 'ServerLevel[New World]'/minecraft:the_nether
[13:16:19] [Server thread/INFO] (Minecraft) Saving chunks for level 'ServerLevel[New World]'/minecraft:the_end
[13:16:19] [Server thread/INFO] (Minecraft) [STDOUT]: world saved
[13:16:19] [Server thread/INFO] (Minecraft) Player371 fell out of the world
[13:16:19] [main/INFO] (Minecraft) [CHAT] Player371 fell out of the world
[13:16:22] [Server thread/INFO] (Minecraft) Saving and pausing game...
[13:16:22] [Server thread/INFO] (Minecraft) Saving chunks for level 'ServerLevel[New World]'/minecraft:overworld
[13:16:22] [Server thread/INFO] (Minecraft) Saving chunks for level 'ServerLevel[New World]'/minecraft:the_nether
[13:16:22] [Server thread/INFO] (Minecraft) Saving chunks for level 'ServerLevel[New World]'/minecraft:the_end
[13:16:22] [Server thread/INFO] (Minecraft) [STDOUT]: world saved
[13:16:22] [Server thread/INFO] (Minecraft) Attempt 1...
[13:16:24] [main/INFO] (Minecraft) [CHAT] Seed: [-9038067503089664335]
[13:16:42] [Server thread/INFO] (Minecraft) Saving and pausing game...
[13:16:42] [Server thread/WARN] (Minecraft) Failed to save player data for Player371
[13:16:42] [Server thread/INFO] (Minecraft) Saving chunks for level 'ServerLevel[New World]'/minecraft:overworld
[13:16:42] [Server thread/ERROR] (Minecraft) Could not save data net.minecraft.village.raid.RaidManager@553c42c2
java.io.FileNotFoundException: /Users/smain8413/IdeaProjects/untitled/run/saves/New World (1)/data/raids.dat (No such file or directory)
	at java.io.FileOutputStream.open0(Native Method) ~[?:?]
	at java.io.FileOutputStream.open(FileOutputStream.java:289) ~[?:?]
	at java.io.FileOutputStream.<init>(FileOutputStream.java:230) ~[?:?]
	at java.io.FileOutputStream.<init>(FileOutputStream.java:179) ~[?:?]
	at net.minecraft.world.PersistentState.save(PersistentState.java:51) ~[minecraft-merged-1.16.1-net.fabricmc.yarn.1_16_1.1.16.1+build.21-v2.jar:?]
	at net.minecraft.world.PersistentStateManager.save(PersistentStateManager.java:121) ~[minecraft-merged-1.16.1-net.fabricmc.yarn.1_16_1.1.16.1+build.21-v2.jar:?]
	at net.minecraft.server.world.ServerWorld.saveLevel(ServerWorld.java:711) ~[minecraft-merged-1.16.1-net.fabricmc.yarn.1_16_1.1.16.1+build.21-v2.jar:?]
	at net.minecraft.server.world.ServerWorld.save(ServerWorld.java:699) ~[minecraft-merged-1.16.1-net.fabricmc.yarn.1_16_1.1.16.1+build.21-v2.jar:?]
	at net.minecraft.server.MinecraftServer.save(MinecraftServer.java:569) ~[minecraft-merged-1.16.1-net.fabricmc.yarn.1_16_1.1.16.1+build.21-v2.jar:?]
	at net.minecraft.server.integrated.IntegratedServer.tick(IntegratedServer.java:85) ~[minecraft-merged-1.16.1-net.fabricmc.yarn.1_16_1.1.16.1+build.21-v2.jar:?]
	at net.minecraft.server.MinecraftServer.runServer(MinecraftServer.java:672) ~[minecraft-merged-1.16.1-net.fabricmc.yarn.1_16_1.1.16.1+build.21-v2.jar:?]
	at net.minecraft.server.MinecraftServer.method_29739(MinecraftServer.java:256) ~[minecraft-merged-1.16.1-net.fabricmc.yarn.1_16_1.1.16.1+build.21-v2.jar:?]
	at java.lang.Thread.run(Thread.java:1583) [?:?]
[13:16:43] [Server thread/INFO] (Minecraft) Saving chunks for level 'ServerLevel[New World]'/minecraft:the_nether
[13:16:43] [Server thread/ERROR] (Minecraft) Could not save data net.minecraft.village.raid.RaidManager@444a1e74
java.io.FileNotFoundException: /Users/smain8413/IdeaProjects/untitled/run/saves/New World (1)/DIM-1/data/raids.dat (No such file or directory)
	at java.io.FileOutputStream.open0(Native Method) ~[?:?]
	at java.io.FileOutputStream.open(FileOutputStream.java:289) ~[?:?]
	at java.io.FileOutputStream.<init>(FileOutputStream.java:230) ~[?:?]
	at java.io.FileOutputStream.<init>(FileOutputStream.java:179) ~[?:?]
	at net.minecraft.world.PersistentState.save(PersistentState.java:51) ~[minecraft-merged-1.16.1-net.fabricmc.yarn.1_16_1.1.16.1+build.21-v2.jar:?]
	at net.minecraft.world.PersistentStateManager.save(PersistentStateManager.java:121) ~[minecraft-merged-1.16.1-net.fabricmc.yarn.1_16_1.1.16.1+build.21-v2.jar:?]
	at net.minecraft.server.world.ServerWorld.saveLevel(ServerWorld.java:711) ~[minecraft-merged-1.16.1-net.fabricmc.yarn.1_16_1.1.16.1+build.21-v2.jar:?]
	at net.minecraft.server.world.ServerWorld.save(ServerWorld.java:699) ~[minecraft-merged-1.16.1-net.fabricmc.yarn.1_16_1.1.16.1+build.21-v2.jar:?]
	at net.minecraft.server.MinecraftServer.save(MinecraftServer.java:569) ~[minecraft-merged-1.16.1-net.fabricmc.yarn.1_16_1.1.16.1+build.21-v2.jar:?]
	at net.minecraft.server.integrated.IntegratedServer.tick(IntegratedServer.java:85) ~[minecraft-merged-1.16.1-net.fabricmc.yarn.1_16_1.1.16.1+build.21-v2.jar:?]
	at net.minecraft.server.MinecraftServer.runServer(MinecraftServer.java:672) ~[minecraft-merged-1.16.1-net.fabricmc.yarn.1_16_1.1.16.1+build.21-v2.jar:?]
	at net.minecraft.server.MinecraftServer.method_29739(MinecraftServer.java:256) ~[minecraft-merged-1.16.1-net.fabricmc.yarn.1_16_1.1.16.1+build.21-v2.jar:?]
	at java.lang.Thread.run(Thread.java:1583) [?:?]
[13:16:43] [Server thread/INFO] (Minecraft) Saving chunks for level 'ServerLevel[New World]'/minecraft:the_end
[13:16:43] [Server thread/ERROR] (Minecraft) Could not save data net.minecraft.village.raid.RaidManager@59778b7e
java.io.FileNotFoundException: /Users/smain8413/IdeaProjects/untitled/run/saves/New World (1)/DIM1/data/raids_end.dat (No such file or directory)
	at java.io.FileOutputStream.open0(Native Method) ~[?:?]
	at java.io.FileOutputStream.open(FileOutputStream.java:289) ~[?:?]
	at java.io.FileOutputStream.<init>(FileOutputStream.java:230) ~[?:?]
	at java.io.FileOutputStream.<init>(FileOutputStream.java:179) ~[?:?]
	at net.minecraft.world.PersistentState.save(PersistentState.java:51) ~[minecraft-merged-1.16.1-net.fabricmc.yarn.1_16_1.1.16.1+build.21-v2.jar:?]
	at net.minecraft.world.PersistentStateManager.save(PersistentStateManager.java:121) ~[minecraft-merged-1.16.1-net.fabricmc.yarn.1_16_1.1.16.1+build.21-v2.jar:?]
	at net.minecraft.server.world.ServerWorld.saveLevel(ServerWorld.java:711) ~[minecraft-merged-1.16.1-net.fabricmc.yarn.1_16_1.1.16.1+build.21-v2.jar:?]
	at net.minecraft.server.world.ServerWorld.save(ServerWorld.java:699) ~[minecraft-merged-1.16.1-net.fabricmc.yarn.1_16_1.1.16.1+build.21-v2.jar:?]
	at net.minecraft.server.MinecraftServer.save(MinecraftServer.java:569) ~[minecraft-merged-1.16.1-net.fabricmc.yarn.1_16_1.1.16.1+build.21-v2.jar:?]
	at net.minecraft.server.integrated.IntegratedServer.tick(IntegratedServer.java:85) ~[minecraft-merged-1.16.1-net.fabricmc.yarn.1_16_1.1.16.1+build.21-v2.jar:?]
	at net.minecraft.server.MinecraftServer.runServer(MinecraftServer.java:672) ~[minecraft-merged-1.16.1-net.fabricmc.yarn.1_16_1.1.16.1+build.21-v2.jar:?]
	at net.minecraft.server.MinecraftServer.method_29739(MinecraftServer.java:256) ~[minecraft-merged-1.16.1-net.fabricmc.yarn.1_16_1.1.16.1+build.21-v2.jar:?]
	at java.lang.Thread.run(Thread.java:1583) [?:?]
[13:17:01] [Server thread/INFO] (Minecraft) Saving and pausing game...
[13:17:01] [Server thread/WARN] (Minecraft) Failed to save player data for Player371
[13:17:01] [Server thread/INFO] (Minecraft) Saving chunks for level 'ServerLevel[New World]'/minecraft:overworld
[13:17:01] [Server thread/ERROR] (Minecraft) Could not save data net.minecraft.village.raid.RaidManager@553c42c2
java.io.FileNotFoundException: /Users/smain8413/IdeaProjects/untitled/run/saves/New World (1)/data/raids.dat (No such file or directory)
	at java.io.FileOutputStream.open0(Native Method) ~[?:?]
	at java.io.FileOutputStream.open(FileOutputStream.java:289) ~[?:?]
	at java.io.FileOutputStream.<init>(FileOutputStream.java:230) ~[?:?]
	at java.io.FileOutputStream.<init>(FileOutputStream.java:179) ~[?:?]
	at net.minecraft.world.PersistentState.save(PersistentState.java:51) ~[minecraft-merged-1.16.1-net.fabricmc.yarn.1_16_1.1.16.1+build.21-v2.jar:?]
	at net.minecraft.world.PersistentStateManager.save(PersistentStateManager.java:121) ~[minecraft-merged-1.16.1-net.fabricmc.yarn.1_16_1.1.16.1+build.21-v2.jar:?]
	at net.minecraft.server.world.ServerWorld.saveLevel(ServerWorld.java:711) ~[minecraft-merged-1.16.1-net.fabricmc.yarn.1_16_1.1.16.1+build.21-v2.jar:?]
	at net.minecraft.server.world.ServerWorld.save(ServerWorld.java:699) ~[minecraft-merged-1.16.1-net.fabricmc.yarn.1_16_1.1.16.1+build.21-v2.jar:?]
	at net.minecraft.server.MinecraftServer.save(MinecraftServer.java:569) ~[minecraft-merged-1.16.1-net.fabricmc.yarn.1_16_1.1.16.1+build.21-v2.jar:?]
	at net.minecraft.server.integrated.IntegratedServer.tick(IntegratedServer.java:85) ~[minecraft-merged-1.16.1-net.fabricmc.yarn.1_16_1.1.16.1+build.21-v2.jar:?]
	at net.minecraft.server.MinecraftServer.runServer(MinecraftServer.java:672) ~[minecraft-merged-1.16.1-net.fabricmc.yarn.1_16_1.1.16.1+build.21-v2.jar:?]
	at net.minecraft.server.MinecraftServer.method_29739(MinecraftServer.java:256) ~[minecraft-merged-1.16.1-net.fabricmc.yarn.1_16_1.1.16.1+build.21-v2.jar:?]
	at java.lang.Thread.run(Thread.java:1583) [?:?]
[13:17:02] [Server thread/INFO] (Minecraft) Saving chunks for level 'ServerLevel[New World]'/minecraft:the_nether
[13:17:02] [Server thread/ERROR] (Minecraft) Could not save data net.minecraft.village.raid.RaidManager@444a1e74
java.io.FileNotFoundException: /Users/smain8413/IdeaProjects/untitled/run/saves/New World (1)/DIM-1/data/raids.dat (No such file or directory)
	at java.io.FileOutputStream.open0(Native Method) ~[?:?]
	at java.io.FileOutputStream.open(FileOutputStream.java:289) ~[?:?]
	at java.io.FileOutputStream.<init>(FileOutputStream.java:230) ~[?:?]
	at java.io.FileOutputStream.<init>(FileOutputStream.java:179) ~[?:?]
	at net.minecraft.world.PersistentState.save(PersistentState.java:51) ~[minecraft-merged-1.16.1-net.fabricmc.yarn.1_16_1.1.16.1+build.21-v2.jar:?]
	at net.minecraft.world.PersistentStateManager.save(PersistentStateManager.java:121) ~[minecraft-merged-1.16.1-net.fabricmc.yarn.1_16_1.1.16.1+build.21-v2.jar:?]
	at net.minecraft.server.world.ServerWorld.saveLevel(ServerWorld.java:711) ~[minecraft-merged-1.16.1-net.fabricmc.yarn.1_16_1.1.16.1+build.21-v2.jar:?]
	at net.minecraft.server.world.ServerWorld.save(ServerWorld.java:699) ~[minecraft-merged-1.16.1-net.fabricmc.yarn.1_16_1.1.16.1+build.21-v2.jar:?]
	at net.minecraft.server.MinecraftServer.save(MinecraftServer.java:569) ~[minecraft-merged-1.16.1-net.fabricmc.yarn.1_16_1.1.16.1+build.21-v2.jar:?]
	at net.minecraft.server.integrated.IntegratedServer.tick(IntegratedServer.java:85) ~[minecraft-merged-1.16.1-net.fabricmc.yarn.1_16_1.1.16.1+build.21-v2.jar:?]
	at net.minecraft.server.MinecraftServer.runServer(MinecraftServer.java:672) ~[minecraft-merged-1.16.1-net.fabricmc.yarn.1_16_1.1.16.1+build.21-v2.jar:?]
	at net.minecraft.server.MinecraftServer.method_29739(MinecraftServer.java:256) ~[minecraft-merged-1.16.1-net.fabricmc.yarn.1_16_1.1.16.1+build.21-v2.jar:?]
	at java.lang.Thread.run(Thread.java:1583) [?:?]
[13:17:02] [Server thread/INFO] (Minecraft) Saving chunks for level 'ServerLevel[New World]'/minecraft:the_end
[13:17:02] [Server thread/ERROR] (Minecraft) Could not save data net.minecraft.village.raid.RaidManager@59778b7e
java.io.FileNotFoundException: /Users/smain8413/IdeaProjects/untitled/run/saves/New World (1)/DIM1/data/raids_end.dat (No such file or directory)
	at java.io.FileOutputStream.open0(Native Method) ~[?:?]
	at java.io.FileOutputStream.open(FileOutputStream.java:289) ~[?:?]
	at java.io.FileOutputStream.<init>(FileOutputStream.java:230) ~[?:?]
	at java.io.FileOutputStream.<init>(FileOutputStream.java:179) ~[?:?]
	at net.minecraft.world.PersistentState.save(PersistentState.java:51) ~[minecraft-merged-1.16.1-net.fabricmc.yarn.1_16_1.1.16.1+build.21-v2.jar:?]
	at net.minecraft.world.PersistentStateManager.save(PersistentStateManager.java:121) ~[minecraft-merged-1.16.1-net.fabricmc.yarn.1_16_1.1.16.1+build.21-v2.jar:?]
	at net.minecraft.server.world.ServerWorld.saveLevel(ServerWorld.java:711) ~[minecraft-merged-1.16.1-net.fabricmc.yarn.1_16_1.1.16.1+build.21-v2.jar:?]
	at net.minecraft.server.world.ServerWorld.save(ServerWorld.java:699) ~[minecraft-merged-1.16.1-net.fabricmc.yarn.1_16_1.1.16.1+build.21-v2.jar:?]
	at net.minecraft.server.MinecraftServer.save(MinecraftServer.java:569) ~[minecraft-merged-1.16.1-net.fabricmc.yarn.1_16_1.1.16.1+build.21-v2.jar:?]
	at net.minecraft.server.integrated.IntegratedServer.tick(IntegratedServer.java:85) ~[minecraft-merged-1.16.1-net.fabricmc.yarn.1_16_1.1.16.1+build.21-v2.jar:?]
	at net.minecraft.server.MinecraftServer.runServer(MinecraftServer.java:672) ~[minecraft-merged-1.16.1-net.fabricmc.yarn.1_16_1.1.16.1+build.21-v2.jar:?]
	at net.minecraft.server.MinecraftServer.method_29739(MinecraftServer.java:256) ~[minecraft-merged-1.16.1-net.fabricmc.yarn.1_16_1.1.16.1+build.21-v2.jar:?]
	at java.lang.Thread.run(Thread.java:1583) [?:?]
[13:17:02] [Server thread/INFO] (Minecraft) Player371 lost connection: Disconnected
[13:17:02] [Server thread/INFO] (Minecraft) Player371 left the game
[13:17:02] [Server thread/WARN] (Minecraft) Failed to save player data for Player371
[13:17:02] [Server thread/INFO] (Minecraft) Stopping singleplayer server as player logged out
[13:17:02] [Server thread/INFO] (Minecraft) Stopping server
[13:17:02] [Server thread/INFO] (Minecraft) Saving players
[13:17:02] [Server thread/INFO] (Minecraft) Saving worlds
[13:17:02] [Server thread/INFO] (Minecraft) Saving chunks for level 'ServerLevel[New World]'/minecraft:overworld
[13:17:03] [Server thread/INFO] (Minecraft) ThreadedAnvilChunkStorage (New World (1)): All chunks are saved
[13:17:03] [Server thread/INFO] (Minecraft) Saving chunks for level 'ServerLevel[New World]'/minecraft:the_nether
[13:17:03] [Server thread/INFO] (Minecraft) ThreadedAnvilChunkStorage (DIM-1): All chunks are saved
[13:17:03] [Server thread/INFO] (Minecraft) Saving chunks for level 'ServerLevel[New World]'/minecraft:the_end
[13:17:03] [Server thread/INFO] (Minecraft) ThreadedAnvilChunkStorage (DIM1): All chunks are saved
[13:17:03] [Server thread/INFO] (Minecraft) ThreadedAnvilChunkStorage (New World (1)): All chunks are saved
[13:17:03] [Server thread/INFO] (Minecraft) ThreadedAnvilChunkStorage (DIM-1): All chunks are saved
[13:17:03] [Server thread/INFO] (Minecraft) ThreadedAnvilChunkStorage (DIM1): All chunks are saved
[13:17:05] [main/WARN] (Minecraft) Ambiguity between arguments [teleport, destination] and [teleport, targets] with inputs: [Player, 0123, @e, dd12be42-52a9-4a91-a8a1-11c01849e498]
[13:17:05] [main/WARN] (Minecraft) Ambiguity between arguments [teleport, location] and [teleport, destination] with inputs: [0.1 -0.5 .9, 0 0 0]
[13:17:05] [main/WARN] (Minecraft) Ambiguity between arguments [teleport, location] and [teleport, targets] with inputs: [0.1 -0.5 .9, 0 0 0]
[13:17:05] [main/WARN] (Minecraft) Ambiguity between arguments [teleport, targets] and [teleport, destination] with inputs: [Player, 0123, dd12be42-52a9-4a91-a8a1-11c01849e498]
[13:17:05] [main/WARN] (Minecraft) Ambiguity between arguments [teleport, targets, location] and [teleport, targets, destination] with inputs: [0.1 -0.5 .9, 0 0 0]
[13:17:05] [main/INFO] (Minecraft) Reloading ResourceManager: Default
[13:17:05] [main/INFO] (Minecraft) Loaded 7 recipes
[13:17:05] [main/INFO] (Minecraft) Loaded 927 advancements
[13:17:06] [main/WARN] (Minecraft) Ambiguity between arguments [teleport, destination] and [teleport, targets] with inputs: [Player, 0123, @e, dd12be42-52a9-4a91-a8a1-11c01849e498]
[13:17:06] [main/WARN] (Minecraft) Ambiguity between arguments [teleport, location] and [teleport, destination] with inputs: [0.1 -0.5 .9, 0 0 0]
[13:17:06] [main/WARN] (Minecraft) Ambiguity between arguments [teleport, location] and [teleport, targets] with inputs: [0.1 -0.5 .9, 0 0 0]
[13:17:06] [main/WARN] (Minecraft) Ambiguity between arguments [teleport, targets] and [teleport, destination] with inputs: [Player, 0123, dd12be42-52a9-4a91-a8a1-11c01849e498]
[13:17:06] [main/WARN] (Minecraft) Ambiguity between arguments [teleport, targets, location] and [teleport, targets, destination] with inputs: [0.1 -0.5 .9, 0 0 0]
[13:17:06] [main/INFO] (Minecraft) Reloading ResourceManager: Default
[13:17:06] [main/INFO] (Minecraft) Loaded 7 recipes
[13:17:06] [main/INFO] (Minecraft) Loaded 927 advancements
[13:17:07] [main/INFO] (Minecraft) Environment: authHost='https://authserver.mojang.com', accountsHost='https://api.mojang.com', sessionHost='https://sessionserver.mojang.com', name='PROD'
[13:17:07] [Server thread/INFO] (Minecraft) Starting integrated minecraft server version 1.16.1
[13:17:07] [Server thread/INFO] (Minecraft) Generating keypair
[13:17:07] [Server thread/INFO] (Minecraft) Preparing start region for dimension minecraft:overworld
[13:17:07] [main/INFO] (Minecraft) Preparing spawn area: 0%
[13:17:07] [main/INFO] (Minecraft) Preparing spawn area: 0%
[13:17:08] [main/INFO] (Minecraft) Preparing spawn area: 0%
[13:17:08] [main/INFO] (Minecraft) Preparing spawn area: 6%
[13:17:09] [main/INFO] (Minecraft) Preparing spawn area: 20%
[13:17:09] [main/INFO] (Minecraft) Preparing spawn area: 35%
[13:17:10] [main/INFO] (Minecraft) Preparing spawn area: 48%
[13:17:10] [main/INFO] (Minecraft) Preparing spawn area: 62%
[13:17:11] [main/INFO] (Minecraft) Preparing spawn area: 73%
[13:17:11] [main/INFO] (Minecraft) Preparing spawn area: 85%
[13:17:12] [main/INFO] (Minecraft) Preparing spawn area: 99%
[13:17:12] [main/INFO] (Minecraft) Time elapsed: 5015 ms
[13:17:12] [Server thread/INFO] (Minecraft) Changing view distance to 31, from 10
[13:17:12] [Server thread/INFO] (Minecraft) Player371[local:E:7434daae] logged in with entity id 5502 at (212.28723103412844, 64.0, -87.17105942445517)
[13:17:12] [Server thread/INFO] (Minecraft) Player371 joined the game
[13:17:12] [main/INFO] (Minecraft) [STDOUT]: game joined
[13:17:12] [Server thread/INFO] (Minecraft) Saving and pausing game...
[13:17:12] [Server thread/INFO] (Minecraft) Saving chunks for level 'ServerLevel[New World]'/minecraft:overworld
[13:17:12] [main/INFO] (Minecraft) Loaded 15 advancements
[13:17:12] [Server thread/INFO] (Minecraft) Saving chunks for level 'ServerLevel[New World]'/minecraft:the_nether
[13:17:12] [Server thread/INFO] (Minecraft) Saving chunks for level 'ServerLevel[New World]'/minecraft:the_end
[13:17:12] [Server thread/INFO] (Minecraft) [STDOUT]: world saved
[13:17:12] [Server thread/INFO] (Minecraft) Player371 fell out of the world
[13:17:12] [main/INFO] (Minecraft) [CHAT] Player371 fell out of the world
[13:17:13] [Server thread/INFO] (Minecraft) Saving and pausing game...
[13:17:13] [Server thread/INFO] (Minecraft) Saving chunks for level 'ServerLevel[New World]'/minecraft:overworld
[13:17:13] [Server thread/INFO] (Minecraft) Saving chunks for level 'ServerLevel[New World]'/minecraft:the_nether
[13:17:13] [Server thread/INFO] (Minecraft) Saving chunks for level 'ServerLevel[New World]'/minecraft:the_end
[13:17:14] [Server thread/INFO] (Minecraft) [STDOUT]: world saved
[13:17:14] [Server thread/INFO] (Minecraft) Attempt 1...
[13:17:14] [main/WARN] (Minecraft) Received passengers for unknown entity
[13:17:22] [Server thread/INFO] (Minecraft) Saving and pausing game...
[13:17:22] [Server thread/WARN] (Minecraft) Failed to save player data for Player371
[13:17:22] [Server thread/INFO] (Minecraft) Saving chunks for level 'ServerLevel[New World]'/minecraft:overworld
[13:17:22] [Server thread/ERROR] (Minecraft) Could not save data net.minecraft.village.raid.RaidManager@18dc0ff
java.io.FileNotFoundException: /Users/smain8413/IdeaProjects/untitled/run/saves/New World (1)/data/raids.dat (No such file or directory)
	at java.io.FileOutputStream.open0(Native Method) ~[?:?]
	at java.io.FileOutputStream.open(FileOutputStream.java:289) ~[?:?]
	at java.io.FileOutputStream.<init>(FileOutputStream.java:230) ~[?:?]
	at java.io.FileOutputStream.<init>(FileOutputStream.java:179) ~[?:?]
	at net.minecraft.world.PersistentState.save(PersistentState.java:51) ~[minecraft-merged-1.16.1-net.fabricmc.yarn.1_16_1.1.16.1+build.21-v2.jar:?]
	at net.minecraft.world.PersistentStateManager.save(PersistentStateManager.java:121) ~[minecraft-merged-1.16.1-net.fabricmc.yarn.1_16_1.1.16.1+build.21-v2.jar:?]
	at net.minecraft.server.world.ServerWorld.saveLevel(ServerWorld.java:711) ~[minecraft-merged-1.16.1-net.fabricmc.yarn.1_16_1.1.16.1+build.21-v2.jar:?]
	at net.minecraft.server.world.ServerWorld.save(ServerWorld.java:699) ~[minecraft-merged-1.16.1-net.fabricmc.yarn.1_16_1.1.16.1+build.21-v2.jar:?]
	at net.minecraft.server.MinecraftServer.save(MinecraftServer.java:569) ~[minecraft-merged-1.16.1-net.fabricmc.yarn.1_16_1.1.16.1+build.21-v2.jar:?]
	at net.minecraft.server.integrated.IntegratedServer.tick(IntegratedServer.java:85) ~[minecraft-merged-1.16.1-net.fabricmc.yarn.1_16_1.1.16.1+build.21-v2.jar:?]
	at net.minecraft.server.MinecraftServer.runServer(MinecraftServer.java:672) ~[minecraft-merged-1.16.1-net.fabricmc.yarn.1_16_1.1.16.1+build.21-v2.jar:?]
	at net.minecraft.server.MinecraftServer.method_29739(MinecraftServer.java:256) ~[minecraft-merged-1.16.1-net.fabricmc.yarn.1_16_1.1.16.1+build.21-v2.jar:?]
	at java.lang.Thread.run(Thread.java:1583) [?:?]
[13:17:23] [Server thread/INFO] (Minecraft) Saving chunks for level 'ServerLevel[New World]'/minecraft:the_nether
[13:17:23] [Server thread/ERROR] (Minecraft) Could not save data net.minecraft.village.raid.RaidManager@7f0a6d9f
java.io.FileNotFoundException: /Users/smain8413/IdeaProjects/untitled/run/saves/New World (1)/DIM-1/data/raids.dat (No such file or directory)
	at java.io.FileOutputStream.open0(Native Method) ~[?:?]
	at java.io.FileOutputStream.open(FileOutputStream.java:289) ~[?:?]
	at java.io.FileOutputStream.<init>(FileOutputStream.java:230) ~[?:?]
	at java.io.FileOutputStream.<init>(FileOutputStream.java:179) ~[?:?]
	at net.minecraft.world.PersistentState.save(PersistentState.java:51) ~[minecraft-merged-1.16.1-net.fabricmc.yarn.1_16_1.1.16.1+build.21-v2.jar:?]
	at net.minecraft.world.PersistentStateManager.save(PersistentStateManager.java:121) ~[minecraft-merged-1.16.1-net.fabricmc.yarn.1_16_1.1.16.1+build.21-v2.jar:?]
	at net.minecraft.server.world.ServerWorld.saveLevel(ServerWorld.java:711) ~[minecraft-merged-1.16.1-net.fabricmc.yarn.1_16_1.1.16.1+build.21-v2.jar:?]
	at net.minecraft.server.world.ServerWorld.save(ServerWorld.java:699) ~[minecraft-merged-1.16.1-net.fabricmc.yarn.1_16_1.1.16.1+build.21-v2.jar:?]
	at net.minecraft.server.MinecraftServer.save(MinecraftServer.java:569) ~[minecraft-merged-1.16.1-net.fabricmc.yarn.1_16_1.1.16.1+build.21-v2.jar:?]
	at net.minecraft.server.integrated.IntegratedServer.tick(IntegratedServer.java:85) ~[minecraft-merged-1.16.1-net.fabricmc.yarn.1_16_1.1.16.1+build.21-v2.jar:?]
	at net.minecraft.server.MinecraftServer.runServer(MinecraftServer.java:672) ~[minecraft-merged-1.16.1-net.fabricmc.yarn.1_16_1.1.16.1+build.21-v2.jar:?]
	at net.minecraft.server.MinecraftServer.method_29739(MinecraftServer.java:256) ~[minecraft-merged-1.16.1-net.fabricmc.yarn.1_16_1.1.16.1+build.21-v2.jar:?]
	at java.lang.Thread.run(Thread.java:1583) [?:?]
[13:17:23] [Server thread/INFO] (Minecraft) Saving chunks for level 'ServerLevel[New World]'/minecraft:the_end
[13:17:23] [Server thread/ERROR] (Minecraft) Could not save data net.minecraft.village.raid.RaidManager@6ab9ee71
java.io.FileNotFoundException: /Users/smain8413/IdeaProjects/untitled/run/saves/New World (1)/DIM1/data/raids_end.dat (No such file or directory)
	at java.io.FileOutputStream.open0(Native Method) ~[?:?]
	at java.io.FileOutputStream.open(FileOutputStream.java:289) ~[?:?]
	at java.io.FileOutputStream.<init>(FileOutputStream.java:230) ~[?:?]
	at java.io.FileOutputStream.<init>(FileOutputStream.java:179) ~[?:?]
	at net.minecraft.world.PersistentState.save(PersistentState.java:51) ~[minecraft-merged-1.16.1-net.fabricmc.yarn.1_16_1.1.16.1+build.21-v2.jar:?]
	at net.minecraft.world.PersistentStateManager.save(PersistentStateManager.java:121) ~[minecraft-merged-1.16.1-net.fabricmc.yarn.1_16_1.1.16.1+build.21-v2.jar:?]
	at net.minecraft.server.world.ServerWorld.saveLevel(ServerWorld.java:711) ~[minecraft-merged-1.16.1-net.fabricmc.yarn.1_16_1.1.16.1+build.21-v2.jar:?]
	at net.minecraft.server.world.ServerWorld.save(ServerWorld.java:699) ~[minecraft-merged-1.16.1-net.fabricmc.yarn.1_16_1.1.16.1+build.21-v2.jar:?]
	at net.minecraft.server.MinecraftServer.save(MinecraftServer.java:569) ~[minecraft-merged-1.16.1-net.fabricmc.yarn.1_16_1.1.16.1+build.21-v2.jar:?]
	at net.minecraft.server.integrated.IntegratedServer.tick(IntegratedServer.java:85) ~[minecraft-merged-1.16.1-net.fabricmc.yarn.1_16_1.1.16.1+build.21-v2.jar:?]
	at net.minecraft.server.MinecraftServer.runServer(MinecraftServer.java:672) ~[minecraft-merged-1.16.1-net.fabricmc.yarn.1_16_1.1.16.1+build.21-v2.jar:?]
	at net.minecraft.server.MinecraftServer.method_29739(MinecraftServer.java:256) ~[minecraft-merged-1.16.1-net.fabricmc.yarn.1_16_1.1.16.1+build.21-v2.jar:?]
	at java.lang.Thread.run(Thread.java:1583) [?:?]
[13:17:37] [Server thread/INFO] (Minecraft) Player371 lost connection: Disconnected
[13:17:37] [Server thread/INFO] (Minecraft) Player371 left the game
[13:17:37] [Server thread/WARN] (Minecraft) Failed to save player data for Player371
[13:17:37] [Server thread/INFO] (Minecraft) Stopping singleplayer server as player logged out
[13:17:37] [Server thread/INFO] (Minecraft) Stopping server
[13:17:37] [Server thread/INFO] (Minecraft) Saving players
[13:17:37] [Server thread/INFO] (Minecraft) Saving worlds
[13:17:37] [Server thread/INFO] (Minecraft) Saving chunks for level 'ServerLevel[New World]'/minecraft:overworld
[13:17:39] [Server thread/INFO] (Minecraft) ThreadedAnvilChunkStorage (New World (1)): All chunks are saved
[13:17:39] [Server thread/INFO] (Minecraft) Saving chunks for level 'ServerLevel[New World]'/minecraft:the_nether
[13:17:39] [Server thread/INFO] (Minecraft) ThreadedAnvilChunkStorage (DIM-1): All chunks are saved
[13:17:39] [Server thread/INFO] (Minecraft) Saving chunks for level 'ServerLevel[New World]'/minecraft:the_end
[13:17:39] [Server thread/INFO] (Minecraft) ThreadedAnvilChunkStorage (DIM1): All chunks are saved
[13:17:39] [Server thread/INFO] (Minecraft) ThreadedAnvilChunkStorage (New World (1)): All chunks are saved
[13:17:39] [Server thread/INFO] (Minecraft) ThreadedAnvilChunkStorage (DIM-1): All chunks are saved
[13:17:39] [Server thread/INFO] (Minecraft) ThreadedAnvilChunkStorage (DIM1): All chunks are saved
[13:17:42] [main/WARN] (Minecraft) Ambiguity between arguments [teleport, destination] and [teleport, targets] with inputs: [Player, 0123, @e, dd12be42-52a9-4a91-a8a1-11c01849e498]
[13:17:42] [main/WARN] (Minecraft) Ambiguity between arguments [teleport, location] and [teleport, destination] with inputs: [0.1 -0.5 .9, 0 0 0]
[13:17:42] [main/WARN] (Minecraft) Ambiguity between arguments [teleport, location] and [teleport, targets] with inputs: [0.1 -0.5 .9, 0 0 0]
[13:17:42] [main/WARN] (Minecraft) Ambiguity between arguments [teleport, targets] and [teleport, destination] with inputs: [Player, 0123, dd12be42-52a9-4a91-a8a1-11c01849e498]
[13:17:42] [main/WARN] (Minecraft) Ambiguity between arguments [teleport, targets, location] and [teleport, targets, destination] with inputs: [0.1 -0.5 .9, 0 0 0]
[13:17:42] [main/INFO] (Minecraft) Reloading ResourceManager: Default
[13:17:42] [main/INFO] (Minecraft) Loaded 7 recipes
[13:17:42] [main/INFO] (Minecraft) Loaded 927 advancements
[13:17:45] [main/WARN] (Minecraft) Ambiguity between arguments [teleport, destination] and [teleport, targets] with inputs: [Player, 0123, @e, dd12be42-52a9-4a91-a8a1-11c01849e498]
[13:17:45] [main/WARN] (Minecraft) Ambiguity between arguments [teleport, location] and [teleport, destination] with inputs: [0.1 -0.5 .9, 0 0 0]
[13:17:45] [main/WARN] (Minecraft) Ambiguity between arguments [teleport, location] and [teleport, targets] with inputs: [0.1 -0.5 .9, 0 0 0]
[13:17:45] [main/WARN] (Minecraft) Ambiguity between arguments [teleport, targets] and [teleport, destination] with inputs: [Player, 0123, dd12be42-52a9-4a91-a8a1-11c01849e498]
[13:17:45] [main/WARN] (Minecraft) Ambiguity between arguments [teleport, targets, location] and [teleport, targets, destination] with inputs: [0.1 -0.5 .9, 0 0 0]
[13:17:45] [main/INFO] (Minecraft) Reloading ResourceManager: Default
[13:17:46] [main/INFO] (Minecraft) Loaded 7 recipes
[13:17:46] [main/INFO] (Minecraft) Loaded 927 advancements
[13:17:46] [main/INFO] (Minecraft) Environment: authHost='https://authserver.mojang.com', accountsHost='https://api.mojang.com', sessionHost='https://sessionserver.mojang.com', name='PROD'
[13:17:46] [Server thread/INFO] (Minecraft) Starting integrated minecraft server version 1.16.1
[13:17:46] [Server thread/INFO] (Minecraft) Generating keypair
[13:17:46] [Server thread/INFO] (Minecraft) Preparing start region for dimension minecraft:overworld
[13:17:47] [main/INFO] (Minecraft) Preparing spawn area: 0%
[13:17:47] [main/INFO] (Minecraft) Preparing spawn area: 0%
[13:17:47] [main/INFO] (Minecraft) Preparing spawn area: 0%
[13:17:47] [main/INFO] (Minecraft) Preparing spawn area: 9%
[13:17:48] [main/INFO] (Minecraft) Preparing spawn area: 23%
[13:17:48] [main/INFO] (Minecraft) Preparing spawn area: 37%
[13:17:49] [main/INFO] (Minecraft) Preparing spawn area: 48%
[13:17:49] [main/INFO] (Minecraft) Preparing spawn area: 64%
[13:17:50] [main/INFO] (Minecraft) Preparing spawn area: 79%
[13:17:50] [main/INFO] (Minecraft) Preparing spawn area: 95%
[13:17:50] [main/INFO] (Minecraft) Time elapsed: 4661 ms
[13:17:50] [Server thread/INFO] (Minecraft) Changing view distance to 31, from 10
[13:17:50] [Server thread/INFO] (Minecraft) Player371[local:E:81c18221] logged in with entity id 7799 at (166.14634652783164, 75.33584892226904, -45.141696235796616)
[13:17:50] [Server thread/INFO] (Minecraft) Player371 joined the game
[13:17:50] [main/INFO] (Minecraft) [STDOUT]: game joined
[13:17:51] [main/INFO] (Minecraft) Loaded 15 advancements
[13:17:51] [Server thread/INFO] (Minecraft) Saving and pausing game...
[13:17:51] [Server thread/INFO] (Minecraft) Saving chunks for level 'ServerLevel[New World]'/minecraft:overworld
[13:17:51] [Server thread/INFO] (Minecraft) Saving chunks for level 'ServerLevel[New World]'/minecraft:the_nether
[13:17:51] [Server thread/INFO] (Minecraft) Saving chunks for level 'ServerLevel[New World]'/minecraft:the_end
[13:17:51] [Server thread/INFO] (Minecraft) [STDOUT]: world saved
[13:17:51] [Server thread/INFO] (Minecraft) Player371 fell out of the world
[13:17:51] [main/INFO] (Minecraft) [CHAT] Player371 fell out of the world
[13:17:52] [Server thread/INFO] (Minecraft) Saving and pausing game...
[13:17:52] [Server thread/INFO] (Minecraft) Saving chunks for level 'ServerLevel[New World]'/minecraft:overworld
[13:17:52] [Server thread/INFO] (Minecraft) Saving chunks for level 'ServerLevel[New World]'/minecraft:the_nether
[13:17:52] [Server thread/INFO] (Minecraft) Saving chunks for level 'ServerLevel[New World]'/minecraft:the_end
[13:17:52] [Server thread/INFO] (Minecraft) [STDOUT]: world saved
[13:17:52] [Server thread/INFO] (Minecraft) Attempt 1...
[13:17:57] [Server thread/INFO] (Minecraft) Saving and pausing game...
[13:17:57] [Server thread/WARN] (Minecraft) Failed to save player data for Player371
[13:17:57] [Server thread/INFO] (Minecraft) Saving chunks for level 'ServerLevel[New World]'/minecraft:overworld
[13:17:58] [Server thread/INFO] (Minecraft) Saving chunks for level 'ServerLevel[New World]'/minecraft:the_nether
[13:17:58] [Server thread/INFO] (Minecraft) Saving chunks for level 'ServerLevel[New World]'/minecraft:the_end
[13:18:06] [main/INFO] (Minecraft) [CHAT] Seed: [5681644222588108551]
[13:18:08] [Server thread/INFO] (Minecraft) Saving and pausing game...
[13:18:08] [Server thread/WARN] (Minecraft) Failed to save player data for Player371
[13:18:08] [Server thread/INFO] (Minecraft) Saving chunks for level 'ServerLevel[New World]'/minecraft:overworld
[13:18:08] [Server thread/ERROR] (Minecraft) Could not save data net.minecraft.village.raid.RaidManager@7f44b6bf
java.io.FileNotFoundException: /Users/smain8413/IdeaProjects/untitled/run/saves/New World (1)/data/raids.dat (No such file or directory)
	at java.io.FileOutputStream.open0(Native Method) ~[?:?]
	at java.io.FileOutputStream.open(FileOutputStream.java:289) ~[?:?]
	at java.io.FileOutputStream.<init>(FileOutputStream.java:230) ~[?:?]
	at java.io.FileOutputStream.<init>(FileOutputStream.java:179) ~[?:?]
	at net.minecraft.world.PersistentState.save(PersistentState.java:51) ~[minecraft-merged-1.16.1-net.fabricmc.yarn.1_16_1.1.16.1+build.21-v2.jar:?]
	at net.minecraft.world.PersistentStateManager.save(PersistentStateManager.java:121) ~[minecraft-merged-1.16.1-net.fabricmc.yarn.1_16_1.1.16.1+build.21-v2.jar:?]
	at net.minecraft.server.world.ServerWorld.saveLevel(ServerWorld.java:711) ~[minecraft-merged-1.16.1-net.fabricmc.yarn.1_16_1.1.16.1+build.21-v2.jar:?]
	at net.minecraft.server.world.ServerWorld.save(ServerWorld.java:699) ~[minecraft-merged-1.16.1-net.fabricmc.yarn.1_16_1.1.16.1+build.21-v2.jar:?]
	at net.minecraft.server.MinecraftServer.save(MinecraftServer.java:569) ~[minecraft-merged-1.16.1-net.fabricmc.yarn.1_16_1.1.16.1+build.21-v2.jar:?]
	at net.minecraft.server.integrated.IntegratedServer.tick(IntegratedServer.java:85) ~[minecraft-merged-1.16.1-net.fabricmc.yarn.1_16_1.1.16.1+build.21-v2.jar:?]
	at net.minecraft.server.MinecraftServer.runServer(MinecraftServer.java:672) ~[minecraft-merged-1.16.1-net.fabricmc.yarn.1_16_1.1.16.1+build.21-v2.jar:?]
	at net.minecraft.server.MinecraftServer.method_29739(MinecraftServer.java:256) ~[minecraft-merged-1.16.1-net.fabricmc.yarn.1_16_1.1.16.1+build.21-v2.jar:?]
	at java.lang.Thread.run(Thread.java:1583) [?:?]
[13:18:09] [Server thread/INFO] (Minecraft) Saving chunks for level 'ServerLevel[New World]'/minecraft:the_nether
[13:18:09] [Server thread/ERROR] (Minecraft) Could not save data net.minecraft.village.raid.RaidManager@6a10a5b2
java.io.FileNotFoundException: /Users/smain8413/IdeaProjects/untitled/run/saves/New World (1)/DIM-1/data/raids.dat (No such file or directory)
	at java.io.FileOutputStream.open0(Native Method) ~[?:?]
	at java.io.FileOutputStream.open(FileOutputStream.java:289) ~[?:?]
	at java.io.FileOutputStream.<init>(FileOutputStream.java:230) ~[?:?]
	at java.io.FileOutputStream.<init>(FileOutputStream.java:179) ~[?:?]
	at net.minecraft.world.PersistentState.save(PersistentState.java:51) ~[minecraft-merged-1.16.1-net.fabricmc.yarn.1_16_1.1.16.1+build.21-v2.jar:?]
	at net.minecraft.world.PersistentStateManager.save(PersistentStateManager.java:121) ~[minecraft-merged-1.16.1-net.fabricmc.yarn.1_16_1.1.16.1+build.21-v2.jar:?]
	at net.minecraft.server.world.ServerWorld.saveLevel(ServerWorld.java:711) ~[minecraft-merged-1.16.1-net.fabricmc.yarn.1_16_1.1.16.1+build.21-v2.jar:?]
	at net.minecraft.server.world.ServerWorld.save(ServerWorld.java:699) ~[minecraft-merged-1.16.1-net.fabricmc.yarn.1_16_1.1.16.1+build.21-v2.jar:?]
	at net.minecraft.server.MinecraftServer.save(MinecraftServer.java:569) ~[minecraft-merged-1.16.1-net.fabricmc.yarn.1_16_1.1.16.1+build.21-v2.jar:?]
	at net.minecraft.server.integrated.IntegratedServer.tick(IntegratedServer.java:85) ~[minecraft-merged-1.16.1-net.fabricmc.yarn.1_16_1.1.16.1+build.21-v2.jar:?]
	at net.minecraft.server.MinecraftServer.runServer(MinecraftServer.java:672) ~[minecraft-merged-1.16.1-net.fabricmc.yarn.1_16_1.1.16.1+build.21-v2.jar:?]
	at net.minecraft.server.MinecraftServer.method_29739(MinecraftServer.java:256) ~[minecraft-merged-1.16.1-net.fabricmc.yarn.1_16_1.1.16.1+build.21-v2.jar:?]
	at java.lang.Thread.run(Thread.java:1583) [?:?]
[13:18:09] [Server thread/INFO] (Minecraft) Saving chunks for level 'ServerLevel[New World]'/minecraft:the_end
[13:18:09] [Server thread/ERROR] (Minecraft) Could not save data net.minecraft.village.raid.RaidManager@12d6e679
java.io.FileNotFoundException: /Users/smain8413/IdeaProjects/untitled/run/saves/New World (1)/DIM1/data/raids_end.dat (No such file or directory)
	at java.io.FileOutputStream.open0(Native Method) ~[?:?]
	at java.io.FileOutputStream.open(FileOutputStream.java:289) ~[?:?]
	at java.io.FileOutputStream.<init>(FileOutputStream.java:230) ~[?:?]
	at java.io.FileOutputStream.<init>(FileOutputStream.java:179) ~[?:?]
	at net.minecraft.world.PersistentState.save(PersistentState.java:51) ~[minecraft-merged-1.16.1-net.fabricmc.yarn.1_16_1.1.16.1+build.21-v2.jar:?]
	at net.minecraft.world.PersistentStateManager.save(PersistentStateManager.java:121) ~[minecraft-merged-1.16.1-net.fabricmc.yarn.1_16_1.1.16.1+build.21-v2.jar:?]
	at net.minecraft.server.world.ServerWorld.saveLevel(ServerWorld.java:711) ~[minecraft-merged-1.16.1-net.fabricmc.yarn.1_16_1.1.16.1+build.21-v2.jar:?]
	at net.minecraft.server.world.ServerWorld.save(ServerWorld.java:699) ~[minecraft-merged-1.16.1-net.fabricmc.yarn.1_16_1.1.16.1+build.21-v2.jar:?]
	at net.minecraft.server.MinecraftServer.save(MinecraftServer.java:569) ~[minecraft-merged-1.16.1-net.fabricmc.yarn.1_16_1.1.16.1+build.21-v2.jar:?]
	at net.minecraft.server.integrated.IntegratedServer.tick(IntegratedServer.java:85) ~[minecraft-merged-1.16.1-net.fabricmc.yarn.1_16_1.1.16.1+build.21-v2.jar:?]
	at net.minecraft.server.MinecraftServer.runServer(MinecraftServer.java:672) ~[minecraft-merged-1.16.1-net.fabricmc.yarn.1_16_1.1.16.1+build.21-v2.jar:?]
	at net.minecraft.server.MinecraftServer.method_29739(MinecraftServer.java:256) ~[minecraft-merged-1.16.1-net.fabricmc.yarn.1_16_1.1.16.1+build.21-v2.jar:?]
	at java.lang.Thread.run(Thread.java:1583) [?:?]
[13:19:06] [Server thread/INFO] (Minecraft) Saving and pausing game...
[13:19:06] [Server thread/WARN] (Minecraft) Failed to save player data for Player371
[13:19:06] [Server thread/INFO] (Minecraft) Saving chunks for level 'ServerLevel[New World]'/minecraft:overworld
[13:19:07] [Server thread/INFO] (Minecraft) Saving chunks for level 'ServerLevel[New World]'/minecraft:the_nether
[13:19:07] [Server thread/INFO] (Minecraft) Saving chunks for level 'ServerLevel[New World]'/minecraft:the_end
[13:19:07] [Server thread/INFO] (Minecraft) Player371 lost connection: Disconnected
[13:19:07] [Server thread/INFO] (Minecraft) Player371 left the game
[13:19:07] [Server thread/WARN] (Minecraft) Failed to save player data for Player371
[13:19:07] [Server thread/INFO] (Minecraft) Stopping singleplayer server as player logged out
[13:19:07] [Server thread/INFO] (Minecraft) Stopping server
[13:19:07] [Server thread/INFO] (Minecraft) Saving players
[13:19:07] [Server thread/INFO] (Minecraft) Saving worlds
[13:19:07] [Server thread/INFO] (Minecraft) Saving chunks for level 'ServerLevel[New World]'/minecraft:overworld
[13:19:08] [Server thread/INFO] (Minecraft) ThreadedAnvilChunkStorage (New World (1)): All chunks are saved
[13:19:08] [Server thread/INFO] (Minecraft) Saving chunks for level 'ServerLevel[New World]'/minecraft:the_nether
[13:19:08] [Server thread/INFO] (Minecraft) ThreadedAnvilChunkStorage (DIM-1): All chunks are saved
[13:19:08] [Server thread/INFO] (Minecraft) Saving chunks for level 'ServerLevel[New World]'/minecraft:the_end
[13:19:08] [Server thread/INFO] (Minecraft) ThreadedAnvilChunkStorage (DIM1): All chunks are saved
[13:19:08] [Server thread/INFO] (Minecraft) ThreadedAnvilChunkStorage (New World (1)): All chunks are saved
[13:19:08] [Server thread/INFO] (Minecraft) ThreadedAnvilChunkStorage (DIM-1): All chunks are saved
[13:19:08] [Server thread/INFO] (Minecraft) ThreadedAnvilChunkStorage (DIM1): All chunks are saved
[13:19:11] [main/WARN] (Minecraft) Ambiguity between arguments [teleport, destination] and [teleport, targets] with inputs: [Player, 0123, @e, dd12be42-52a9-4a91-a8a1-11c01849e498]
[13:19:11] [main/WARN] (Minecraft) Ambiguity between arguments [teleport, location] and [teleport, destination] with inputs: [0.1 -0.5 .9, 0 0 0]
[13:19:11] [main/WARN] (Minecraft) Ambiguity between arguments [teleport, location] and [teleport, targets] with inputs: [0.1 -0.5 .9, 0 0 0]
[13:19:11] [main/WARN] (Minecraft) Ambiguity between arguments [teleport, targets] and [teleport, destination] with inputs: [Player, 0123, dd12be42-52a9-4a91-a8a1-11c01849e498]
[13:19:11] [main/WARN] (Minecraft) Ambiguity between arguments [teleport, targets, location] and [teleport, targets, destination] with inputs: [0.1 -0.5 .9, 0 0 0]
[13:19:11] [main/INFO] (Minecraft) Reloading ResourceManager: Default
[13:19:11] [main/INFO] (Minecraft) Loaded 7 recipes
[13:19:11] [main/INFO] (Minecraft) Loaded 927 advancements
[13:19:12] [main/WARN] (Minecraft) Ambiguity between arguments [teleport, destination] and [teleport, targets] with inputs: [Player, 0123, @e, dd12be42-52a9-4a91-a8a1-11c01849e498]
[13:19:12] [main/WARN] (Minecraft) Ambiguity between arguments [teleport, location] and [teleport, destination] with inputs: [0.1 -0.5 .9, 0 0 0]
[13:19:12] [main/WARN] (Minecraft) Ambiguity between arguments [teleport, location] and [teleport, targets] with inputs: [0.1 -0.5 .9, 0 0 0]
[13:19:12] [main/WARN] (Minecraft) Ambiguity between arguments [teleport, targets] and [teleport, destination] with inputs: [Player, 0123, dd12be42-52a9-4a91-a8a1-11c01849e498]
[13:19:12] [main/WARN] (Minecraft) Ambiguity between arguments [teleport, targets, location] and [teleport, targets, destination] with inputs: [0.1 -0.5 .9, 0 0 0]
[13:19:12] [main/INFO] (Minecraft) Reloading ResourceManager: Default
[13:19:12] [main/INFO] (Minecraft) Loaded 7 recipes
[13:19:12] [main/INFO] (Minecraft) Loaded 927 advancements
[13:19:12] [main/INFO] (Minecraft) Environment: authHost='https://authserver.mojang.com', accountsHost='https://api.mojang.com', sessionHost='https://sessionserver.mojang.com', name='PROD'
[13:19:12] [Server thread/INFO] (Minecraft) Starting integrated minecraft server version 1.16.1
[13:19:12] [Server thread/INFO] (Minecraft) Generating keypair
[13:19:12] [Server thread/INFO] (Minecraft) Preparing start region for dimension minecraft:overworld
[13:19:13] [main/INFO] (Minecraft) Preparing spawn area: 0%
[13:19:13] [main/INFO] (Minecraft) Preparing spawn area: 0%
[13:19:13] [main/INFO] (Minecraft) Preparing spawn area: 0%
[13:19:14] [main/INFO] (Minecraft) Preparing spawn area: 5%
[13:19:14] [main/INFO] (Minecraft) Preparing spawn area: 13%
[13:19:15] [main/INFO] (Minecraft) Preparing spawn area: 23%
[13:19:15] [main/INFO] (Minecraft) Preparing spawn area: 37%
[13:19:16] [main/INFO] (Minecraft) Preparing spawn area: 52%
[13:19:16] [main/INFO] (Minecraft) Preparing spawn area: 67%
[13:19:17] [main/INFO] (Minecraft) Preparing spawn area: 82%
[13:19:17] [main/INFO] (Minecraft) Preparing spawn area: 96%
[13:19:17] [main/INFO] (Minecraft) Time elapsed: 5112 ms
[13:19:17] [Server thread/INFO] (Minecraft) Changing view distance to 31, from 10
[13:19:17] [Server thread/INFO] (Minecraft) Player371[local:E:406ad5ea] logged in with entity id 10998 at (144.69937369245417, 69.0, 9.582441512787266)
[13:19:17] [Server thread/INFO] (Minecraft) Player371 joined the game
[13:19:17] [main/INFO] (Minecraft) [STDOUT]: game joined
[13:19:17] [main/INFO] (Minecraft) Loaded 15 advancements
[13:19:17] [Server thread/INFO] (Minecraft) Saving and pausing game...
[13:19:17] [Server thread/INFO] (Minecraft) Saving chunks for level 'ServerLevel[New World]'/minecraft:overworld
[13:19:18] [Server thread/INFO] (Minecraft) Saving chunks for level 'ServerLevel[New World]'/minecraft:the_nether
[13:19:18] [Server thread/INFO] (Minecraft) Saving chunks for level 'ServerLevel[New World]'/minecraft:the_end
[13:19:18] [Server thread/INFO] (Minecraft) [STDOUT]: world saved
[13:19:18] [Server thread/INFO] (Minecraft) Player371 fell out of the world
[13:19:18] [main/INFO] (Minecraft) [CHAT] Player371 fell out of the world
[13:19:19] [Server thread/INFO] (Minecraft) Saving and pausing game...
[13:19:19] [Server thread/INFO] (Minecraft) Saving chunks for level 'ServerLevel[New World]'/minecraft:overworld
[13:19:19] [Server thread/INFO] (Minecraft) Saving chunks for level 'ServerLevel[New World]'/minecraft:the_nether
[13:19:19] [Server thread/INFO] (Minecraft) Saving chunks for level 'ServerLevel[New World]'/minecraft:the_end
[13:19:19] [Server thread/INFO] (Minecraft) [STDOUT]: world saved
[13:19:19] [Server thread/INFO] (Minecraft) Attempt 1...
[13:19:21] [main/INFO] (Minecraft) [CHAT] Seed: [-4661800062645592894]
